Component: ARM Compiler 5.06 update 6 (build 750) Tool: armlink [4d35ed]

==============================================================================

Section Cross References

    startup_stm32f303xe.o(STACK) refers (Special) to heapauxi.o(.text) for __use_two_region_memory
    startup_stm32f303xe.o(HEAP) refers (Special) to heapauxi.o(.text) for __use_two_region_memory
    startup_stm32f303xe.o(RESET) refers (Special) to heapauxi.o(.text) for __use_two_region_memory
    startup_stm32f303xe.o(RESET) refers to startup_stm32f303xe.o(STACK) for __initial_sp
    startup_stm32f303xe.o(RESET) refers to startup_stm32f303xe.o(.text) for Reset_Handler
    startup_stm32f303xe.o(RESET) refers to encoder.o(i.TIM3_IRQHandler) for TIM3_IRQHandler
    startup_stm32f303xe.o(RESET) refers to rs232.o(i.USART1_IRQHandler) for USART1_IRQHandler
    startup_stm32f303xe.o(.text) refers (Special) to heapauxi.o(.text) for __use_two_region_memory
    startup_stm32f303xe.o(.text) refers to system_stm32f3xx.o(i.SystemInit) for SystemInit
    startup_stm32f303xe.o(.text) refers to __main.o(!!!main) for __main
    startup_stm32f303xe.o(.text) refers to startup_stm32f303xe.o(HEAP) for Heap_Mem
    startup_stm32f303xe.o(.text) refers to startup_stm32f303xe.o(STACK) for Stack_Mem
    system_stm32f3xx.o(i.SystemCoreClockUpdate) refers to system_stm32f3xx.o(.data) for SystemCoreClock
    system_stm32f3xx.o(i.SystemCoreClockUpdate) refers to system_stm32f3xx.o(.constdata) for AHBPrescTable
    main.o(i.main) refers to sysclock.o(i.System_Clock_Init) for System_Clock_Init
    main.o(i.main) refers to lcd.o(i.Board_LCDInit) for Board_LCDInit
    main.o(i.main) refers to rs232.o(i.UART1_Init) for UART1_Init
    main.o(i.main) refers to rs232.o(i.Menu_Print) for Menu_Print
    main.o(i.main) refers to lcd.o(i.LCDclear) for LCDclear
    main.o(i.main) refers to test.o(i.Func_Test) for Func_Test
    main.o(i.main) refers to lcd.o(i.Delay_ms) for Delay_ms
    main.o(i.main) refers to rs232.o(.data) for Value
    lcd.o(i.Board_LCDInit) refers to lcd.o(i.Delay_ms) for Delay_ms
    lcd.o(i.Board_LCDInit) refers to lcd.o(i.LCDcmd) for LCDcmd
    lcd.o(i.Board_LCDInit) refers to lcd.o(i.LCDclear) for LCDclear
    lcd.o(i.Delay_us) refers to dflt_clz.o(x$fpl$dfltu) for __aeabi_ui2d
    lcd.o(i.Delay_us) refers to dmul.o(x$fpl$dmul) for __aeabi_dmul
    lcd.o(i.Delay_us) refers to dfixu.o(x$fpl$dfixu) for __aeabi_d2uiz
    lcd.o(i.LCDclear) refers to lcd.o(i.LCDcmd) for LCDcmd
    lcd.o(i.LCDclear) refers to lcd.o(i.Delay_ms) for Delay_ms
    lcd.o(i.LCDcmd) refers to lcd.o(i.Delay_us) for Delay_us
    lcd.o(i.LCDdata) refers to lcd.o(i.Delay_us) for Delay_us
    lcd.o(i.LCDprintf) refers to lcd.o(i.LCDcmd) for LCDcmd
    lcd.o(i.LCDprintf) refers to lcd.o(i.LCDdata) for LCDdata
    lcd.o(i.LCDputc) refers to lcd.o(i.LCDdata) for LCDdata
    lcd.o(i.LCDputs) refers to lcd.o(i.LCDdata) for LCDdata
    stepper.o(i.output) refers to stepper.o(.data) for count
    test.o(i.DC_Test) refers to _printf_pad.o(.text) for _printf_pre_padding
    test.o(i.DC_Test) refers to _printf_percent.o(.ARM.Collect$$_printf_percent$$00000000) for _printf_percent
    test.o(i.DC_Test) refers to _printf_d.o(.ARM.Collect$$_printf_percent$$00000009) for _printf_d
    test.o(i.DC_Test) refers to _printf_dec.o(.text) for _printf_int_dec
    test.o(i.DC_Test) refers to lcd.o(i.Board_LCDInit) for Board_LCDInit
    test.o(i.DC_Test) refers to encoder.o(i.Enc_Init) for Enc_Init
    test.o(i.DC_Test) refers to lcd.o(i.LCDclear) for LCDclear
    test.o(i.DC_Test) refers to lcd.o(i.LCDcmd) for LCDcmd
    test.o(i.DC_Test) refers to lcd.o(i.LCDputs) for LCDputs
    test.o(i.DC_Test) refers to wheels.o(i.DCLeft_Init) for DCLeft_Init
    test.o(i.DC_Test) refers to wheels.o(i.DCRight_Init) for DCRight_Init
    test.o(i.DC_Test) refers to wheels.o(i.DCLeft_Mov) for DCLeft_Mov
    test.o(i.DC_Test) refers to noretval__2sprintf.o(.text) for __2sprintf
    test.o(i.DC_Test) refers to lcd.o(i.Delay_ms) for Delay_ms
    test.o(i.DC_Test) refers to wheels.o(i.DCRight_Mov) for DCRight_Mov
    test.o(i.DC_Test) refers to lcd.o(i.Delay_s) for Delay_s
    test.o(i.DC_Test) refers to wheels.o(i.DCLeft_Stp) for DCLeft_Stp
    test.o(i.DC_Test) refers to wheels.o(i.DCRight_Stp) for DCRight_Stp
    test.o(i.DC_Test) refers to encoder.o(.data) for PWML
    test.o(i.Enc_Test) refers to _printf_pad.o(.text) for _printf_pre_padding
    test.o(i.Enc_Test) refers to _printf_percent.o(.ARM.Collect$$_printf_percent$$00000000) for _printf_percent
    test.o(i.Enc_Test) refers to _printf_d.o(.ARM.Collect$$_printf_percent$$00000009) for _printf_d
    test.o(i.Enc_Test) refers to _printf_dec.o(.text) for _printf_int_dec
    test.o(i.Enc_Test) refers to encoder.o(i.Enc_Init) for Enc_Init
    test.o(i.Enc_Test) refers to lcd.o(i.Board_LCDInit) for Board_LCDInit
    test.o(i.Enc_Test) refers to lcd.o(i.LCDclear) for LCDclear
    test.o(i.Enc_Test) refers to lcd.o(i.LCDcmd) for LCDcmd
    test.o(i.Enc_Test) refers to lcd.o(i.LCDputs) for LCDputs
    test.o(i.Enc_Test) refers to noretval__2sprintf.o(.text) for __2sprintf
    test.o(i.Enc_Test) refers to lcd.o(i.Delay_ms) for Delay_ms
    test.o(i.Enc_Test) refers to encoder.o(.data) for PWML
    test.o(i.Func_Test) refers to test.o(i.LCD_Test) for LCD_Test
    test.o(i.Func_Test) refers to test.o(i.Step_Test) for Step_Test
    test.o(i.Func_Test) refers to test.o(i.Servo_Test) for Servo_Test
    test.o(i.Func_Test) refers to test.o(i.DC_Test) for DC_Test
    test.o(i.Func_Test) refers to test.o(i.Enc_Test) for Enc_Test
    test.o(i.LCD_Test) refers to lcd.o(i.Board_LCDInit) for Board_LCDInit
    test.o(i.LCD_Test) refers to lcd.o(i.LCDclear) for LCDclear
    test.o(i.LCD_Test) refers to lcd.o(i.LCDcmd) for LCDcmd
    test.o(i.LCD_Test) refers to lcd.o(i.LCDputs) for LCDputs
    test.o(i.Servo_Test) refers to lcd.o(i.Board_LCDInit) for Board_LCDInit
    test.o(i.Servo_Test) refers to lcd.o(i.LCDclear) for LCDclear
    test.o(i.Servo_Test) refers to lcd.o(i.LCDcmd) for LCDcmd
    test.o(i.Servo_Test) refers to lcd.o(i.LCDputs) for LCDputs
    test.o(i.Servo_Test) refers to servo.o(i.Servo_Init) for Servo_Init
    test.o(i.Servo_Test) refers to servo.o(i.Servo_Tim) for Servo_Tim
    test.o(i.Servo_Test) refers to servo.o(i.Mov_Servo) for Mov_Servo
    test.o(i.Servo_Test) refers to lcd.o(i.Delay_s) for Delay_s
    test.o(i.Step_Test) refers to lcd.o(i.Board_LCDInit) for Board_LCDInit
    test.o(i.Step_Test) refers to stepper.o(i.Step_Init) for Step_Init
    test.o(i.Step_Test) refers to stepper.o(i.LimitLeft_Init) for LimitLeft_Init
    test.o(i.Step_Test) refers to stepper.o(i.LimitRight_Init) for LimitRight_Init
    test.o(i.Step_Test) refers to lcd.o(i.LCDclear) for LCDclear
    test.o(i.Step_Test) refers to lcd.o(i.LCDcmd) for LCDcmd
    test.o(i.Step_Test) refers to lcd.o(i.LCDputs) for LCDputs
    test.o(i.Step_Test) refers to stepper.o(i.output) for output
    test.o(i.Step_Test) refers to lcd.o(i.Delay_ms) for Delay_ms
    encoder.o(i.TIM3_IRQHandler) refers to encoder.o(.data) for lastTimeL
    rs232.o(i.Menu_Print) refers to rt_memcpy_w.o(.text) for __aeabi_memcpy4
    rs232.o(i.Menu_Print) refers to rs232.o(i.UARTprintf) for UARTprintf
    rs232.o(i.Menu_Print) refers to rs232.o(.conststring) for .conststring
    rs232.o(i.UARTprintf) refers to strlen.o(.text) for strlen
    rs232.o(i.USART1_IRQHandler) refers to rs232.o(.data) for Value
    __2sprintf.o(.text) refers to _printf_char_common.o(.text) for _printf_char_common
    __2sprintf.o(.text) refers to _sputc.o(.text) for _sputc
    noretval__2sprintf.o(.text) refers to _printf_char_common.o(.text) for _printf_char_common
    noretval__2sprintf.o(.text) refers to _sputc.o(.text) for _sputc
    __printf.o(.text) refers to _printf_percent.o(.ARM.Collect$$_printf_percent$$00000000) for _printf_percent
    _printf_dec.o(.text) refers to _printf_intcommon.o(.text) for _printf_int_common
    __printf_flags.o(.text) refers to _printf_percent.o(.ARM.Collect$$_printf_percent$$00000000) for _printf_percent
    __printf_flags.o(.text) refers to __printf_flags.o(.constdata) for .constdata
    __printf_ss.o(.text) refers to _printf_percent.o(.ARM.Collect$$_printf_percent$$00000000) for _printf_percent
    __printf_flags_ss.o(.text) refers to _printf_percent.o(.ARM.Collect$$_printf_percent$$00000000) for _printf_percent
    __printf_flags_ss.o(.text) refers to __printf_flags_ss.o(.constdata) for .constdata
    __printf_wp.o(.text) refers to __printf_wp.o(i._is_digit) for _is_digit
    __printf_wp.o(.text) refers to _printf_percent.o(.ARM.Collect$$_printf_percent$$00000000) for _printf_percent
    __printf_flags_wp.o(.text) refers to __printf_wp.o(i._is_digit) for _is_digit
    __printf_flags_wp.o(.text) refers to _printf_percent.o(.ARM.Collect$$_printf_percent$$00000000) for _printf_percent
    __printf_flags_wp.o(.text) refers to __printf_flags_wp.o(.constdata) for .constdata
    __printf_ss_wp.o(.text) refers to __printf_wp.o(i._is_digit) for _is_digit
    __printf_ss_wp.o(.text) refers to _printf_percent.o(.ARM.Collect$$_printf_percent$$00000000) for _printf_percent
    __printf_flags_ss_wp.o(.text) refers to __printf_wp.o(i._is_digit) for _is_digit
    __printf_flags_ss_wp.o(.text) refers to _printf_percent.o(.ARM.Collect$$_printf_percent$$00000000) for _printf_percent
    __printf_flags_ss_wp.o(.text) refers to __printf_flags_ss_wp.o(.constdata) for .constdata
    _printf_d.o(.ARM.Collect$$_printf_percent$$00000009) refers (Weak) to _printf_dec.o(.text) for _printf_int_dec
    _printf_percent.o(.ARM.Collect$$_printf_percent$$00000000) refers (Special) to _printf_percent_end.o(.ARM.Collect$$_printf_percent$$00000017) for _printf_percent_end
    __main.o(!!!main) refers to __rtentry.o(.ARM.Collect$$rtentry$$00000000) for __rt_entry
    dfixu.o(x$fpl$dfixu) refers (Special) to usenofp.o(x$fpl$usenofp) for __I$use$fp
    dfixu.o(x$fpl$dfixu) refers to dnaninf.o(x$fpl$dnaninf) for __fpl_dnaninf
    dfixu.o(x$fpl$dfixur) refers (Special) to usenofp.o(x$fpl$usenofp) for __I$use$fp
    dfixu.o(x$fpl$dfixur) refers to dnaninf.o(x$fpl$dnaninf) for __fpl_dnaninf
    dflt_clz.o(x$fpl$dfltu) refers (Special) to usenofp.o(x$fpl$usenofp) for __I$use$fp
    dflt_clz.o(x$fpl$dflt) refers (Special) to usenofp.o(x$fpl$usenofp) for __I$use$fp
    dflt_clz.o(x$fpl$dfltn) refers (Special) to usenofp.o(x$fpl$usenofp) for __I$use$fp
    dmul.o(x$fpl$dmul) refers (Special) to usenofp.o(x$fpl$usenofp) for __I$use$fp
    dmul.o(x$fpl$dmul) refers to dretinf.o(x$fpl$dretinf) for __fpl_dretinf
    dmul.o(x$fpl$dmul) refers to dnaninf.o(x$fpl$dnaninf) for __fpl_dnaninf
    __rtentry.o(.ARM.Collect$$rtentry$$00000000) refers (Special) to __rtentry2.o(.ARM.Collect$$rtentry$$0000000A) for __rt_entry_li
    __rtentry.o(.ARM.Collect$$rtentry$$00000000) refers (Special) to __rtentry2.o(.ARM.Collect$$rtentry$$0000000D) for __rt_entry_main
    __rtentry.o(.ARM.Collect$$rtentry$$00000000) refers (Special) to __rtentry2.o(.ARM.Collect$$rtentry$$0000000C) for __rt_entry_postli_1
    __rtentry.o(.ARM.Collect$$rtentry$$00000000) refers (Special) to __rtentry2.o(.ARM.Collect$$rtentry$$00000009) for __rt_entry_postsh_1
    __rtentry.o(.ARM.Collect$$rtentry$$00000000) refers (Special) to __rtentry2.o(.ARM.Collect$$rtentry$$00000002) for __rt_entry_presh_1
    __rtentry.o(.ARM.Collect$$rtentry$$00000000) refers (Special) to __rtentry4.o(.ARM.Collect$$rtentry$$00000004) for __rt_entry_sh
    _printf_intcommon.o(.text) refers (Weak) to _printf_pad.o(.text) for _printf_pre_padding
    _printf_intcommon.o(.text) refers (Weak) to _printf_pad.o(.text) for _printf_pre_padding
    _printf_intcommon.o(.text) refers (Weak) to _printf_pad.o(.text) for _printf_post_padding
    _printf_char_common.o(.text) refers to __printf_wp.o(.text) for __printf
    dnaninf.o(x$fpl$dnaninf) refers (Special) to usenofp.o(x$fpl$usenofp) for __I$use$fp
    dretinf.o(x$fpl$dretinf) refers (Special) to usenofp.o(x$fpl$usenofp) for __I$use$fp
    __rtentry2.o(.ARM.Collect$$rtentry$$00000008) refers to boardinit2.o(.text) for _platform_post_stackheap_init
    __rtentry2.o(.ARM.Collect$$rtentry$$0000000A) refers to libinit.o(.ARM.Collect$$libinit$$00000000) for __rt_lib_init
    __rtentry2.o(.ARM.Collect$$rtentry$$0000000B) refers to boardinit3.o(.text) for _platform_post_lib_init
    __rtentry2.o(.ARM.Collect$$rtentry$$0000000D) refers to main.o(i.main) for main
    __rtentry2.o(.ARM.Collect$$rtentry$$0000000D) refers to exit.o(.text) for exit
    __rtentry2.o(.ARM.exidx) refers to __rtentry2.o(.ARM.Collect$$rtentry$$00000001) for .ARM.Collect$$rtentry$$00000001
    __rtentry2.o(.ARM.exidx) refers to __rtentry2.o(.ARM.Collect$$rtentry$$00000008) for .ARM.Collect$$rtentry$$00000008
    __rtentry2.o(.ARM.exidx) refers to __rtentry2.o(.ARM.Collect$$rtentry$$0000000A) for .ARM.Collect$$rtentry$$0000000A
    __rtentry2.o(.ARM.exidx) refers to __rtentry2.o(.ARM.Collect$$rtentry$$0000000B) for .ARM.Collect$$rtentry$$0000000B
    __rtentry2.o(.ARM.exidx) refers to __rtentry2.o(.ARM.Collect$$rtentry$$0000000D) for .ARM.Collect$$rtentry$$0000000D
    __rtentry4.o(.ARM.Collect$$rtentry$$00000004) refers to sys_stackheap_outer.o(.text) for __user_setup_stackheap
    __rtentry4.o(.ARM.exidx) refers to __rtentry4.o(.ARM.Collect$$rtentry$$00000004) for .ARM.Collect$$rtentry$$00000004
    sys_stackheap_outer.o(.text) refers to libspace.o(.text) for __user_perproc_libspace
    sys_stackheap_outer.o(.text) refers to startup_stm32f303xe.o(.text) for __user_initial_stackheap
    exit.o(.text) refers to rtexit.o(.ARM.Collect$$rtexit$$00000000) for __rt_exit
    libinit.o(.ARM.Collect$$libinit$$00000000) refers (Special) to libinit2.o(.ARM.Collect$$libinit$$0000002E) for __rt_lib_init_alloca_1
    libinit.o(.ARM.Collect$$libinit$$00000000) refers (Special) to libinit2.o(.ARM.Collect$$libinit$$0000002C) for __rt_lib_init_argv_1
    libinit.o(.ARM.Collect$$libinit$$00000000) refers (Special) to libinit2.o(.ARM.Collect$$libinit$$0000001B) for __rt_lib_init_atexit_1
    libinit.o(.ARM.Collect$$libinit$$00000000) refers (Special) to libinit2.o(.ARM.Collect$$libinit$$00000021) for __rt_lib_init_clock_1
    libinit.o(.ARM.Collect$$libinit$$00000000) refers (Special) to libinit2.o(.ARM.Collect$$libinit$$00000032) for __rt_lib_init_cpp_1
    libinit.o(.ARM.Collect$$libinit$$00000000) refers (Special) to libinit2.o(.ARM.Collect$$libinit$$00000030) for __rt_lib_init_exceptions_1
    libinit.o(.ARM.Collect$$libinit$$00000000) refers (Special) to libinit2.o(.ARM.Collect$$libinit$$00000001) for __rt_lib_init_fp_1
    libinit.o(.ARM.Collect$$libinit$$00000000) refers (Special) to libinit2.o(.ARM.Collect$$libinit$$0000001F) for __rt_lib_init_fp_trap_1
    libinit.o(.ARM.Collect$$libinit$$00000000) refers (Special) to libinit2.o(.ARM.Collect$$libinit$$00000023) for __rt_lib_init_getenv_1
    libinit.o(.ARM.Collect$$libinit$$00000000) refers (Special) to libinit2.o(.ARM.Collect$$libinit$$0000000A) for __rt_lib_init_heap_1
    libinit.o(.ARM.Collect$$libinit$$00000000) refers (Special) to libinit2.o(.ARM.Collect$$libinit$$00000011) for __rt_lib_init_lc_collate_1
    libinit.o(.ARM.Collect$$libinit$$00000000) refers (Special) to libinit2.o(.ARM.Collect$$libinit$$00000013) for __rt_lib_init_lc_ctype_1
    libinit.o(.ARM.Collect$$libinit$$00000000) refers (Special) to libinit2.o(.ARM.Collect$$libinit$$00000015) for __rt_lib_init_lc_monetary_1
    libinit.o(.ARM.Collect$$libinit$$00000000) refers (Special) to libinit2.o(.ARM.Collect$$libinit$$00000017) for __rt_lib_init_lc_numeric_1
    libinit.o(.ARM.Collect$$libinit$$00000000) refers (Special) to libinit2.o(.ARM.Collect$$libinit$$00000019) for __rt_lib_init_lc_time_1
    libinit.o(.ARM.Collect$$libinit$$00000000) refers (Special) to libinit2.o(.ARM.Collect$$libinit$$00000004) for __rt_lib_init_preinit_1
    libinit.o(.ARM.Collect$$libinit$$00000000) refers (Special) to libinit2.o(.ARM.Collect$$libinit$$0000000E) for __rt_lib_init_rand_1
    libinit.o(.ARM.Collect$$libinit$$00000000) refers (Special) to libinit2.o(.ARM.Collect$$libinit$$00000033) for __rt_lib_init_return
    libinit.o(.ARM.Collect$$libinit$$00000000) refers (Special) to libinit2.o(.ARM.Collect$$libinit$$0000001D) for __rt_lib_init_signal_1
    libinit.o(.ARM.Collect$$libinit$$00000000) refers (Special) to libinit2.o(.ARM.Collect$$libinit$$00000025) for __rt_lib_init_stdio_1
    libinit.o(.ARM.Collect$$libinit$$00000000) refers (Special) to libinit2.o(.ARM.Collect$$libinit$$0000000C) for __rt_lib_init_user_alloc_1
    libspace.o(.text) refers to libspace.o(.bss) for __libspace_start
    rtexit.o(.ARM.Collect$$rtexit$$00000000) refers (Special) to rtexit2.o(.ARM.Collect$$rtexit$$00000004) for __rt_exit_exit
    rtexit.o(.ARM.Collect$$rtexit$$00000000) refers (Special) to rtexit2.o(.ARM.Collect$$rtexit$$00000003) for __rt_exit_ls
    rtexit.o(.ARM.Collect$$rtexit$$00000000) refers (Special) to rtexit2.o(.ARM.Collect$$rtexit$$00000002) for __rt_exit_prels_1
    rtexit.o(.ARM.exidx) refers (Special) to rtexit2.o(.ARM.Collect$$rtexit$$00000004) for __rt_exit_exit
    rtexit.o(.ARM.exidx) refers (Special) to rtexit2.o(.ARM.Collect$$rtexit$$00000003) for __rt_exit_ls
    rtexit.o(.ARM.exidx) refers (Special) to rtexit2.o(.ARM.Collect$$rtexit$$00000002) for __rt_exit_prels_1
    rtexit.o(.ARM.exidx) refers to rtexit.o(.ARM.Collect$$rtexit$$00000000) for .ARM.Collect$$rtexit$$00000000
    libinit2.o(.ARM.Collect$$libinit$$00000001) refers to fpinit.o(x$fpl$fpinit) for _fp_init
    libinit2.o(.ARM.Collect$$libinit$$00000010) refers to libinit2.o(.ARM.Collect$$libinit$$0000000F) for .ARM.Collect$$libinit$$0000000F
    libinit2.o(.ARM.Collect$$libinit$$00000012) refers to libinit2.o(.ARM.Collect$$libinit$$0000000F) for .ARM.Collect$$libinit$$0000000F
    libinit2.o(.ARM.Collect$$libinit$$00000014) refers to libinit2.o(.ARM.Collect$$libinit$$0000000F) for .ARM.Collect$$libinit$$0000000F
    libinit2.o(.ARM.Collect$$libinit$$00000016) refers to libinit2.o(.ARM.Collect$$libinit$$0000000F) for .ARM.Collect$$libinit$$0000000F
    libinit2.o(.ARM.Collect$$libinit$$00000018) refers to libinit2.o(.ARM.Collect$$libinit$$0000000F) for .ARM.Collect$$libinit$$0000000F
    libinit2.o(.ARM.Collect$$libinit$$00000026) refers to argv_veneer.o(.emb_text) for __ARM_argv_veneer
    libinit2.o(.ARM.Collect$$libinit$$00000027) refers to argv_veneer.o(.emb_text) for __ARM_argv_veneer
    rtexit2.o(.ARM.Collect$$rtexit$$00000003) refers to libshutdown.o(.ARM.Collect$$libshutdown$$00000000) for __rt_lib_shutdown
    rtexit2.o(.ARM.Collect$$rtexit$$00000004) refers to sys_exit.o(.text) for _sys_exit
    rtexit2.o(.ARM.exidx) refers to rtexit2.o(.ARM.Collect$$rtexit$$00000001) for .ARM.Collect$$rtexit$$00000001
    rtexit2.o(.ARM.exidx) refers to rtexit2.o(.ARM.Collect$$rtexit$$00000003) for .ARM.Collect$$rtexit$$00000003
    rtexit2.o(.ARM.exidx) refers to rtexit2.o(.ARM.Collect$$rtexit$$00000004) for .ARM.Collect$$rtexit$$00000004
    argv_veneer.o(.emb_text) refers to no_argv.o(.text) for __ARM_get_argv
    sys_exit.o(.text) refers (Special) to use_no_semi.o(.text) for __I$use$semihosting
    sys_exit.o(.text) refers (Special) to indicate_semi.o(.text) for __semihosting_library_function
    _get_argv_nomalloc.o(.text) refers (Special) to hrguard.o(.text) for __heap_region$guard
    _get_argv_nomalloc.o(.text) refers to defsig_rtmem_outer.o(.text) for __rt_SIGRTMEM
    _get_argv_nomalloc.o(.text) refers to sys_command.o(.text) for _sys_command_string
    libshutdown.o(.ARM.Collect$$libshutdown$$00000000) refers (Special) to libshutdown2.o(.ARM.Collect$$libshutdown$$00000002) for __rt_lib_shutdown_cpp_1
    libshutdown.o(.ARM.Collect$$libshutdown$$00000000) refers (Special) to libshutdown2.o(.ARM.Collect$$libshutdown$$00000007) for __rt_lib_shutdown_fp_trap_1
    libshutdown.o(.ARM.Collect$$libshutdown$$00000000) refers (Special) to libshutdown2.o(.ARM.Collect$$libshutdown$$0000000F) for __rt_lib_shutdown_heap_1
    libshutdown.o(.ARM.Collect$$libshutdown$$00000000) refers (Special) to libshutdown2.o(.ARM.Collect$$libshutdown$$00000010) for __rt_lib_shutdown_return
    libshutdown.o(.ARM.Collect$$libshutdown$$00000000) refers (Special) to libshutdown2.o(.ARM.Collect$$libshutdown$$0000000A) for __rt_lib_shutdown_signal_1
    libshutdown.o(.ARM.Collect$$libshutdown$$00000000) refers (Special) to libshutdown2.o(.ARM.Collect$$libshutdown$$00000004) for __rt_lib_shutdown_stdio_1
    libshutdown.o(.ARM.Collect$$libshutdown$$00000000) refers (Special) to libshutdown2.o(.ARM.Collect$$libshutdown$$0000000C) for __rt_lib_shutdown_user_alloc_1
    sys_command.o(.text) refers (Special) to use_no_semi.o(.text) for __I$use$semihosting
    sys_command.o(.text) refers (Special) to indicate_semi.o(.text) for __semihosting_library_function
    defsig_rtmem_outer.o(.text) refers to defsig_rtmem_inner.o(.text) for __rt_SIGRTMEM_inner
    defsig_rtmem_outer.o(.text) refers to defsig_exit.o(.text) for __sig_exit
    defsig_rtmem_formal.o(.text) refers to rt_raise.o(.text) for __rt_raise
    rt_raise.o(.text) refers to __raise.o(.text) for __raise
    rt_raise.o(.text) refers to sys_exit.o(.text) for _sys_exit
    defsig_exit.o(.text) refers to sys_exit.o(.text) for _sys_exit
    defsig_rtmem_inner.o(.text) refers to defsig_general.o(.text) for __default_signal_display
    __raise.o(.text) refers to defsig.o(CL$$defsig) for __default_signal_handler
    defsig_general.o(.text) refers to sys_wrch.o(.text) for _ttywrch
    sys_wrch.o(.text) refers (Special) to use_no_semi.o(.text) for __I$use$semihosting
    sys_wrch.o(.text) refers (Special) to indicate_semi.o(.text) for __semihosting_library_function
    defsig.o(CL$$defsig) refers to defsig_rtmem_inner.o(.text) for __rt_SIGRTMEM_inner
    defsig_abrt_inner.o(.text) refers to defsig_general.o(.text) for __default_signal_display
    defsig_fpe_inner.o(.text) refers to defsig_general.o(.text) for __default_signal_display
    defsig_rtred_inner.o(.text) refers to defsig_general.o(.text) for __default_signal_display
    defsig_stak_inner.o(.text) refers to defsig_general.o(.text) for __default_signal_display
    defsig_pvfn_inner.o(.text) refers to defsig_general.o(.text) for __default_signal_display
    defsig_cppl_inner.o(.text) refers to defsig_general.o(.text) for __default_signal_display
    defsig_segv_inner.o(.text) refers to defsig_general.o(.text) for __default_signal_display
    defsig_other.o(.text) refers to defsig_general.o(.text) for __default_signal_display


==============================================================================

Removing Unused input sections from the image.

    Removing sysclock.o(.rev16_text), (4 bytes).
    Removing sysclock.o(.revsh_text), (4 bytes).
    Removing sysclock.o(.rrx_text), (6 bytes).
    Removing system_stm32f3xx.o(.rev16_text), (4 bytes).
    Removing system_stm32f3xx.o(.revsh_text), (4 bytes).
    Removing system_stm32f3xx.o(.rrx_text), (6 bytes).
    Removing system_stm32f3xx.o(i.SystemCoreClockUpdate), (164 bytes).
    Removing system_stm32f3xx.o(.constdata), (24 bytes).
    Removing system_stm32f3xx.o(.data), (4 bytes).
    Removing main.o(.rev16_text), (4 bytes).
    Removing main.o(.revsh_text), (4 bytes).
    Removing main.o(.rrx_text), (6 bytes).
    Removing lcd.o(.rev16_text), (4 bytes).
    Removing lcd.o(.revsh_text), (4 bytes).
    Removing lcd.o(.rrx_text), (6 bytes).
    Removing lcd.o(i.LCDprintf), (44 bytes).
    Removing lcd.o(i.LCDputc), (12 bytes).
    Removing stepper.o(.rev16_text), (4 bytes).
    Removing stepper.o(.revsh_text), (4 bytes).
    Removing stepper.o(.rrx_text), (6 bytes).
    Removing test.o(.rev16_text), (4 bytes).
    Removing test.o(.revsh_text), (4 bytes).
    Removing test.o(.rrx_text), (6 bytes).
    Removing servo.o(.rev16_text), (4 bytes).
    Removing servo.o(.revsh_text), (4 bytes).
    Removing servo.o(.rrx_text), (6 bytes).
    Removing wheels.o(.rev16_text), (4 bytes).
    Removing wheels.o(.revsh_text), (4 bytes).
    Removing wheels.o(.rrx_text), (6 bytes).
    Removing encoder.o(.rev16_text), (4 bytes).
    Removing encoder.o(.revsh_text), (4 bytes).
    Removing encoder.o(.rrx_text), (6 bytes).
    Removing rs232.o(.rev16_text), (4 bytes).
    Removing rs232.o(.revsh_text), (4 bytes).
    Removing rs232.o(.rrx_text), (6 bytes).

35 unused section(s) (total 388 bytes) removed from the image.

==============================================================================

Image Symbol Table

    Local Symbols

    Symbol Name                              Value     Ov Type        Size  Object(Section)

    ../clib/angel/boardlib.s                 0x00000000   Number         0  boardshut.o ABSOLUTE
    ../clib/angel/boardlib.s                 0x00000000   Number         0  boardinit2.o ABSOLUTE
    ../clib/angel/boardlib.s                 0x00000000   Number         0  boardinit3.o ABSOLUTE
    ../clib/angel/boardlib.s                 0x00000000   Number         0  boardinit1.o ABSOLUTE
    ../clib/angel/handlers.s                 0x00000000   Number         0  __scatter_copy.o ABSOLUTE
    ../clib/angel/handlers.s                 0x00000000   Number         0  __scatter_zi.o ABSOLUTE
    ../clib/angel/kernel.s                   0x00000000   Number         0  __rtentry2.o ABSOLUTE
    ../clib/angel/kernel.s                   0x00000000   Number         0  rtexit.o ABSOLUTE
    ../clib/angel/kernel.s                   0x00000000   Number         0  __rtentry4.o ABSOLUTE
    ../clib/angel/kernel.s                   0x00000000   Number         0  __rtentry.o ABSOLUTE
    ../clib/angel/kernel.s                   0x00000000   Number         0  rtexit2.o ABSOLUTE
    ../clib/angel/rt.s                       0x00000000   Number         0  rt_raise.o ABSOLUTE
    ../clib/angel/scatter.s                  0x00000000   Number         0  __scatter.o ABSOLUTE
    ../clib/angel/startup.s                  0x00000000   Number         0  __main.o ABSOLUTE
    ../clib/angel/sys.s                      0x00000000   Number         0  use_no_semi.o ABSOLUTE
    ../clib/angel/sys.s                      0x00000000   Number         0  libspace.o ABSOLUTE
    ../clib/angel/sys.s                      0x00000000   Number         0  sys_stackheap_outer.o ABSOLUTE
    ../clib/angel/sys.s                      0x00000000   Number         0  indicate_semi.o ABSOLUTE
    ../clib/angel/sysapp.c                   0x00000000   Number         0  sys_command.o ABSOLUTE
    ../clib/angel/sysapp.c                   0x00000000   Number         0  sys_wrch.o ABSOLUTE
    ../clib/angel/sysapp.c                   0x00000000   Number         0  sys_exit.o ABSOLUTE
    ../clib/armsys.c                         0x00000000   Number         0  _get_argv_nomalloc.o ABSOLUTE
    ../clib/armsys.c                         0x00000000   Number         0  no_argv.o ABSOLUTE
    ../clib/armsys.c                         0x00000000   Number         0  argv_veneer.o ABSOLUTE
    ../clib/armsys.c                         0x00000000   Number         0  argv_veneer.o ABSOLUTE
    ../clib/heapalloc.c                      0x00000000   Number         0  hrguard.o ABSOLUTE
    ../clib/heapaux.c                        0x00000000   Number         0  heapauxi.o ABSOLUTE
    ../clib/libinit.s                        0x00000000   Number         0  libshutdown.o ABSOLUTE
    ../clib/libinit.s                        0x00000000   Number         0  libshutdown2.o ABSOLUTE
    ../clib/libinit.s                        0x00000000   Number         0  libinit2.o ABSOLUTE
    ../clib/libinit.s                        0x00000000   Number         0  libinit.o ABSOLUTE
    ../clib/memcpset.s                       0x00000000   Number         0  rt_memcpy_w.o ABSOLUTE
    ../clib/misc.s                           0x00000000   Number         0  printf_stubs.o ABSOLUTE
    ../clib/printf.c                         0x00000000   Number         0  __printf_flags_ss.o ABSOLUTE
    ../clib/printf.c                         0x00000000   Number         0  __printf_ss.o ABSOLUTE
    ../clib/printf.c                         0x00000000   Number         0  __printf_flags.o ABSOLUTE
    ../clib/printf.c                         0x00000000   Number         0  _printf_dec.o ABSOLUTE
    ../clib/printf.c                         0x00000000   Number         0  _printf_pad.o ABSOLUTE
    ../clib/printf.c                         0x00000000   Number         0  __printf_wp.o ABSOLUTE
    ../clib/printf.c                         0x00000000   Number         0  __2sprintf.o ABSOLUTE
    ../clib/printf.c                         0x00000000   Number         0  _sputc.o ABSOLUTE
    ../clib/printf.c                         0x00000000   Number         0  __printf_flags_wp.o ABSOLUTE
    ../clib/printf.c                         0x00000000   Number         0  __printf_ss_wp.o ABSOLUTE
    ../clib/printf.c                         0x00000000   Number         0  __printf_flags_ss_wp.o ABSOLUTE
    ../clib/printf.c                         0x00000000   Number         0  noretval__2sprintf.o ABSOLUTE
    ../clib/printf.c                         0x00000000   Number         0  __printf_nopercent.o ABSOLUTE
    ../clib/printf.c                         0x00000000   Number         0  __printf.o ABSOLUTE
    ../clib/printf.c                         0x00000000   Number         0  _printf_intcommon.o ABSOLUTE
    ../clib/printf.c                         0x00000000   Number         0  _printf_char_common.o ABSOLUTE
    ../clib/printf_percent.s                 0x00000000   Number         0  _printf_percent_end.o ABSOLUTE
    ../clib/printf_percent.s                 0x00000000   Number         0  _printf_percent.o ABSOLUTE
    ../clib/printf_percent.s                 0x00000000   Number         0  _printf_d.o ABSOLUTE
    ../clib/signal.c                         0x00000000   Number         0  defsig_pvfn_inner.o ABSOLUTE
    ../clib/signal.c                         0x00000000   Number         0  defsig_rtred_inner.o ABSOLUTE
    ../clib/signal.c                         0x00000000   Number         0  defsig_fpe_inner.o ABSOLUTE
    ../clib/signal.c                         0x00000000   Number         0  defsig_abrt_inner.o ABSOLUTE
    ../clib/signal.c                         0x00000000   Number         0  defsig_rtmem_outer.o ABSOLUTE
    ../clib/signal.c                         0x00000000   Number         0  defsig_cppl_inner.o ABSOLUTE
    ../clib/signal.c                         0x00000000   Number         0  defsig_general.o ABSOLUTE
    ../clib/signal.c                         0x00000000   Number         0  __raise.o ABSOLUTE
    ../clib/signal.c                         0x00000000   Number         0  defsig_segv_inner.o ABSOLUTE
    ../clib/signal.c                         0x00000000   Number         0  defsig_other.o ABSOLUTE
    ../clib/signal.c                         0x00000000   Number         0  defsig_rtmem_formal.o ABSOLUTE
    ../clib/signal.c                         0x00000000   Number         0  defsig_exit.o ABSOLUTE
    ../clib/signal.c                         0x00000000   Number         0  defsig_stak_inner.o ABSOLUTE
    ../clib/signal.c                         0x00000000   Number         0  defsig_rtmem_inner.o ABSOLUTE
    ../clib/signal.s                         0x00000000   Number         0  defsig.o ABSOLUTE
    ../clib/stdlib.c                         0x00000000   Number         0  exit.o ABSOLUTE
    ../clib/string.c                         0x00000000   Number         0  strlen.o ABSOLUTE
    ../fplib/dfixu.s                         0x00000000   Number         0  dfixu.o ABSOLUTE
    ../fplib/dflt.s                          0x00000000   Number         0  dflt_clz.o ABSOLUTE
    ../fplib/dmul.s                          0x00000000   Number         0  dmul.o ABSOLUTE
    ../fplib/dnaninf.s                       0x00000000   Number         0  dnaninf.o ABSOLUTE
    ../fplib/dretinf.s                       0x00000000   Number         0  dretinf.o ABSOLUTE
    ../fplib/fpinit.s                        0x00000000   Number         0  fpinit.o ABSOLUTE
    ../fplib/usenofp.s                       0x00000000   Number         0  usenofp.o ABSOLUTE
    Encoder.c                                0x00000000   Number         0  encoder.o ABSOLUTE
    Encoder.c                                0x00000000   Number         0  encoder.o ABSOLUTE
    LCD.c                                    0x00000000   Number         0  lcd.o ABSOLUTE
    LCD.c                                    0x00000000   Number         0  lcd.o ABSOLUTE
    RS232.c                                  0x00000000   Number         0  rs232.o ABSOLUTE
    RS232.c                                  0x00000000   Number         0  rs232.o ABSOLUTE
    Servo.c                                  0x00000000   Number         0  servo.o ABSOLUTE
    Servo.c                                  0x00000000   Number         0  servo.o ABSOLUTE
    SysClock.c                               0x00000000   Number         0  sysclock.o ABSOLUTE
    SysClock.c                               0x00000000   Number         0  sysclock.o ABSOLUTE
    Test.c                                   0x00000000   Number         0  test.o ABSOLUTE
    Test.c                                   0x00000000   Number         0  test.o ABSOLUTE
    Wheels.c                                 0x00000000   Number         0  wheels.o ABSOLUTE
    Wheels.c                                 0x00000000   Number         0  wheels.o ABSOLUTE
    dc.s                                     0x00000000   Number         0  dc.o ABSOLUTE
    main.c                                   0x00000000   Number         0  main.o ABSOLUTE
    main.c                                   0x00000000   Number         0  main.o ABSOLUTE
    startup_stm32f303xe.s                    0x00000000   Number         0  startup_stm32f303xe.o ABSOLUTE
    stepper.c                                0x00000000   Number         0  stepper.o ABSOLUTE
    stepper.c                                0x00000000   Number         0  stepper.o ABSOLUTE
    system_stm32f3xx.c                       0x00000000   Number         0  system_stm32f3xx.o ABSOLUTE
    system_stm32f3xx.c                       0x00000000   Number         0  system_stm32f3xx.o ABSOLUTE
    RESET                                    0x08000000   Section      404  startup_stm32f303xe.o(RESET)
    !!!main                                  0x08000194   Section        8  __main.o(!!!main)
    !!!scatter                               0x0800019c   Section       52  __scatter.o(!!!scatter)
    !!handler_copy                           0x080001d0   Section       26  __scatter_copy.o(!!handler_copy)
    !!handler_zi                             0x080001ec   Section       28  __scatter_zi.o(!!handler_zi)
    .ARM.Collect$$_printf_percent$$00000000  0x08000208   Section        0  _printf_percent.o(.ARM.Collect$$_printf_percent$$00000000)
    .ARM.Collect$$_printf_percent$$00000009  0x08000208   Section        6  _printf_d.o(.ARM.Collect$$_printf_percent$$00000009)
    .ARM.Collect$$_printf_percent$$00000017  0x0800020e   Section        4  _printf_percent_end.o(.ARM.Collect$$_printf_percent$$00000017)
    .ARM.Collect$$libinit$$00000000          0x08000212   Section        2  libinit.o(.ARM.Collect$$libinit$$00000000)
    .ARM.Collect$$libinit$$00000001          0x08000214   Section        4  libinit2.o(.ARM.Collect$$libinit$$00000001)
    .ARM.Collect$$libinit$$00000004          0x08000218   Section        0  libinit2.o(.ARM.Collect$$libinit$$00000004)
    .ARM.Collect$$libinit$$0000000A          0x08000218   Section        0  libinit2.o(.ARM.Collect$$libinit$$0000000A)
    .ARM.Collect$$libinit$$0000000C          0x08000218   Section        0  libinit2.o(.ARM.Collect$$libinit$$0000000C)
    .ARM.Collect$$libinit$$0000000E          0x08000218   Section        0  libinit2.o(.ARM.Collect$$libinit$$0000000E)
    .ARM.Collect$$libinit$$00000011          0x08000218   Section        0  libinit2.o(.ARM.Collect$$libinit$$00000011)
    .ARM.Collect$$libinit$$00000013          0x08000218   Section        0  libinit2.o(.ARM.Collect$$libinit$$00000013)
    .ARM.Collect$$libinit$$00000015          0x08000218   Section        0  libinit2.o(.ARM.Collect$$libinit$$00000015)
    .ARM.Collect$$libinit$$00000017          0x08000218   Section        0  libinit2.o(.ARM.Collect$$libinit$$00000017)
    .ARM.Collect$$libinit$$00000019          0x08000218   Section        0  libinit2.o(.ARM.Collect$$libinit$$00000019)
    .ARM.Collect$$libinit$$0000001B          0x08000218   Section        0  libinit2.o(.ARM.Collect$$libinit$$0000001B)
    .ARM.Collect$$libinit$$0000001D          0x08000218   Section        0  libinit2.o(.ARM.Collect$$libinit$$0000001D)
    .ARM.Collect$$libinit$$0000001F          0x08000218   Section        0  libinit2.o(.ARM.Collect$$libinit$$0000001F)
    .ARM.Collect$$libinit$$00000021          0x08000218   Section        0  libinit2.o(.ARM.Collect$$libinit$$00000021)
    .ARM.Collect$$libinit$$00000023          0x08000218   Section        0  libinit2.o(.ARM.Collect$$libinit$$00000023)
    .ARM.Collect$$libinit$$00000025          0x08000218   Section        0  libinit2.o(.ARM.Collect$$libinit$$00000025)
    .ARM.Collect$$libinit$$0000002C          0x08000218   Section        0  libinit2.o(.ARM.Collect$$libinit$$0000002C)
    .ARM.Collect$$libinit$$0000002E          0x08000218   Section        0  libinit2.o(.ARM.Collect$$libinit$$0000002E)
    .ARM.Collect$$libinit$$00000030          0x08000218   Section        0  libinit2.o(.ARM.Collect$$libinit$$00000030)
    .ARM.Collect$$libinit$$00000032          0x08000218   Section        0  libinit2.o(.ARM.Collect$$libinit$$00000032)
    .ARM.Collect$$libinit$$00000033          0x08000218   Section        2  libinit2.o(.ARM.Collect$$libinit$$00000033)
    .ARM.Collect$$libshutdown$$00000000      0x0800021a   Section        2  libshutdown.o(.ARM.Collect$$libshutdown$$00000000)
    .ARM.Collect$$libshutdown$$00000002      0x0800021c   Section        0  libshutdown2.o(.ARM.Collect$$libshutdown$$00000002)
    .ARM.Collect$$libshutdown$$00000004      0x0800021c   Section        0  libshutdown2.o(.ARM.Collect$$libshutdown$$00000004)
    .ARM.Collect$$libshutdown$$00000007      0x0800021c   Section        0  libshutdown2.o(.ARM.Collect$$libshutdown$$00000007)
    .ARM.Collect$$libshutdown$$0000000A      0x0800021c   Section        0  libshutdown2.o(.ARM.Collect$$libshutdown$$0000000A)
    .ARM.Collect$$libshutdown$$0000000C      0x0800021c   Section        0  libshutdown2.o(.ARM.Collect$$libshutdown$$0000000C)
    .ARM.Collect$$libshutdown$$0000000F      0x0800021c   Section        0  libshutdown2.o(.ARM.Collect$$libshutdown$$0000000F)
    .ARM.Collect$$libshutdown$$00000010      0x0800021c   Section        2  libshutdown2.o(.ARM.Collect$$libshutdown$$00000010)
    .ARM.Collect$$rtentry$$00000000          0x0800021e   Section        0  __rtentry.o(.ARM.Collect$$rtentry$$00000000)
    .ARM.Collect$$rtentry$$00000002          0x0800021e   Section        0  __rtentry2.o(.ARM.Collect$$rtentry$$00000002)
    .ARM.Collect$$rtentry$$00000004          0x0800021e   Section        6  __rtentry4.o(.ARM.Collect$$rtentry$$00000004)
    .ARM.Collect$$rtentry$$00000009          0x08000224   Section        0  __rtentry2.o(.ARM.Collect$$rtentry$$00000009)
    .ARM.Collect$$rtentry$$0000000A          0x08000224   Section        4  __rtentry2.o(.ARM.Collect$$rtentry$$0000000A)
    .ARM.Collect$$rtentry$$0000000C          0x08000228   Section        0  __rtentry2.o(.ARM.Collect$$rtentry$$0000000C)
    .ARM.Collect$$rtentry$$0000000D          0x08000228   Section        8  __rtentry2.o(.ARM.Collect$$rtentry$$0000000D)
    .ARM.Collect$$rtexit$$00000000           0x08000230   Section        2  rtexit.o(.ARM.Collect$$rtexit$$00000000)
    .ARM.Collect$$rtexit$$00000002           0x08000232   Section        0  rtexit2.o(.ARM.Collect$$rtexit$$00000002)
    .ARM.Collect$$rtexit$$00000003           0x08000232   Section        4  rtexit2.o(.ARM.Collect$$rtexit$$00000003)
    .ARM.Collect$$rtexit$$00000004           0x08000236   Section        6  rtexit2.o(.ARM.Collect$$rtexit$$00000004)
    .text                                    0x0800023c   Section       64  startup_stm32f303xe.o(.text)
    $v0                                      0x0800023c   Number         0  startup_stm32f303xe.o(.text)
    .text                                    0x0800027c   Section        0  noretval__2sprintf.o(.text)
    .text                                    0x080002a4   Section        0  _printf_pad.o(.text)
    .text                                    0x080002f4   Section        0  _printf_dec.o(.text)
    .text                                    0x0800036c   Section        0  __printf_wp.o(.text)
    .text                                    0x0800047a   Section        0  strlen.o(.text)
    .text                                    0x080004b8   Section      100  rt_memcpy_w.o(.text)
    .text                                    0x0800051c   Section        0  heapauxi.o(.text)
    .text                                    0x08000522   Section        0  _printf_intcommon.o(.text)
    .text                                    0x080005d4   Section        0  _printf_char_common.o(.text)
    _printf_input_char                       0x080005d5   Thumb Code    10  _printf_char_common.o(.text)
    .text                                    0x08000604   Section        0  _sputc.o(.text)
    .text                                    0x0800060e   Section       74  sys_stackheap_outer.o(.text)
    .text                                    0x08000658   Section        0  exit.o(.text)
    .text                                    0x0800066c   Section        8  libspace.o(.text)
    .text                                    0x08000674   Section        0  sys_exit.o(.text)
    .text                                    0x08000680   Section        2  use_no_semi.o(.text)
    .text                                    0x08000682   Section        0  indicate_semi.o(.text)
    i.Board_LCDInit                          0x08000684   Section        0  lcd.o(i.Board_LCDInit)
    i.DCLeft_Init                            0x08000810   Section        0  wheels.o(i.DCLeft_Init)
    i.DCLeft_Mov                             0x0800091c   Section        0  wheels.o(i.DCLeft_Mov)
    i.DCLeft_Stp                             0x08000944   Section        0  wheels.o(i.DCLeft_Stp)
    i.DCRight_Init                           0x08000964   Section        0  wheels.o(i.DCRight_Init)
    i.DCRight_Mov                            0x08000a7c   Section        0  wheels.o(i.DCRight_Mov)
    i.DCRight_Stp                            0x08000aa4   Section        0  wheels.o(i.DCRight_Stp)
    i.DC_Test                                0x08000ac4   Section        0  test.o(i.DC_Test)
    i.Delay_ms                               0x08000b84   Section        0  lcd.o(i.Delay_ms)
    i.Delay_s                                0x08000b98   Section        0  lcd.o(i.Delay_s)
    i.Delay_us                               0x08000bb0   Section        0  lcd.o(i.Delay_us)
    i.Enc_Init                               0x08000bf4   Section        0  encoder.o(i.Enc_Init)
    i.Enc_Test                               0x08000d40   Section        0  test.o(i.Enc_Test)
    i.Func_Test                              0x08000dd8   Section        0  test.o(i.Func_Test)
    i.LCD_Test                               0x08000e14   Section        0  test.o(i.LCD_Test)
    i.LCDclear                               0x08000e3c   Section        0  lcd.o(i.LCDclear)
    i.LCDcmd                                 0x08000e4c   Section        0  lcd.o(i.LCDcmd)
    i.LCDdata                                0x08000eb4   Section        0  lcd.o(i.LCDdata)
    i.LCDputs                                0x08000f1c   Section        0  lcd.o(i.LCDputs)
    i.LimitLeft_Init                         0x08000f40   Section        0  stepper.o(i.LimitLeft_Init)
    i.LimitRight_Init                        0x08000f64   Section        0  stepper.o(i.LimitRight_Init)
    i.Menu_Print                             0x08000f88   Section        0  rs232.o(i.Menu_Print)
    i.Mov_Servo                              0x08000fa4   Section        0  servo.o(i.Mov_Servo)
    i.Servo_Init                             0x08000fb4   Section        0  servo.o(i.Servo_Init)
    i.Servo_Test                             0x08000ff4   Section        0  test.o(i.Servo_Test)
    i.Servo_Tim                              0x08001048   Section        0  servo.o(i.Servo_Tim)
    i.Step_Init                              0x080010cc   Section        0  stepper.o(i.Step_Init)
    i.Step_Test                              0x08001184   Section        0  test.o(i.Step_Test)
    i.SystemInit                             0x0800121c   Section        0  system_stm32f3xx.o(i.SystemInit)
    i.System_Clock_Init                      0x08001298   Section        0  sysclock.o(i.System_Clock_Init)
    i.TIM3_IRQHandler                        0x08001394   Section        0  encoder.o(i.TIM3_IRQHandler)
    i.UART1_Init                             0x08001408   Section        0  rs232.o(i.UART1_Init)
    i.UARTprintf                             0x08001554   Section        0  rs232.o(i.UARTprintf)
    i.USART1_IRQHandler                      0x0800158c   Section        0  rs232.o(i.USART1_IRQHandler)
    i._is_digit                              0x080015ac   Section        0  __printf_wp.o(i._is_digit)
    i.main                                   0x080015bc   Section        0  main.o(i.main)
    i.output                                 0x080015ec   Section        0  stepper.o(i.output)
    x$fpl$dfixu                              0x08001674   Section       90  dfixu.o(x$fpl$dfixu)
    $v0                                      0x08001674   Number         0  dfixu.o(x$fpl$dfixu)
    x$fpl$dfltu                              0x080016ce   Section       38  dflt_clz.o(x$fpl$dfltu)
    $v0                                      0x080016ce   Number         0  dflt_clz.o(x$fpl$dfltu)
    x$fpl$dmul                               0x080016f4   Section      340  dmul.o(x$fpl$dmul)
    $v0                                      0x080016f4   Number         0  dmul.o(x$fpl$dmul)
    x$fpl$dnaninf                            0x08001848   Section      156  dnaninf.o(x$fpl$dnaninf)
    $v0                                      0x08001848   Number         0  dnaninf.o(x$fpl$dnaninf)
    x$fpl$dretinf                            0x080018e4   Section       12  dretinf.o(x$fpl$dretinf)
    $v0                                      0x080018e4   Number         0  dretinf.o(x$fpl$dretinf)
    x$fpl$fpinit                             0x080018f0   Section       10  fpinit.o(x$fpl$fpinit)
    $v0                                      0x080018f0   Number         0  fpinit.o(x$fpl$fpinit)
    x$fpl$usenofp                            0x080018fa   Section        0  usenofp.o(x$fpl$usenofp)
    .conststring                             0x080018fc   Section      153  rs232.o(.conststring)
    .data                                    0x20000000   Section        9  stepper.o(.data)
    .data                                    0x2000000a   Section        8  encoder.o(.data)
    lastTimeL                                0x2000000e   Data           2  encoder.o(.data)
    lastTimeR                                0x20000010   Data           2  encoder.o(.data)
    .data                                    0x20000012   Section        1  rs232.o(.data)
    .bss                                     0x20000014   Section       96  libspace.o(.bss)
    HEAP                                     0x20000078   Section      512  startup_stm32f303xe.o(HEAP)
    Heap_Mem                                 0x20000078   Data         512  startup_stm32f303xe.o(HEAP)
    STACK                                    0x20000278   Section     1024  startup_stm32f303xe.o(STACK)
    Stack_Mem                                0x20000278   Data        1024  startup_stm32f303xe.o(STACK)
    __initial_sp                             0x20000678   Data           0  startup_stm32f303xe.o(STACK)

    Global Symbols

    Symbol Name                              Value     Ov Type        Size  Object(Section)

    BuildAttributes$$THM_ISAv4$E$P$D$K$B$S$7EM$VFPi3$EXTD16$VFPS$VFMA$PE$A:L22UL41UL21$X:L11$S22US41US21$IEEE1$IW$USESV6$~STKCKD$USESV7$~SHL$OSPACE$ROPI$EBA8$UX$STANDARDLIB$REQ8$PRES8$EABIv2 0x00000000   Number         0  anon$$obj.o ABSOLUTE
    __ARM_use_no_argv                        0x00000000   Number         0  main.o ABSOLUTE
    _printf_flags                            0x00000000   Number         0  printf_stubs.o ABSOLUTE
    _printf_return_value                     0x00000000   Number         0  printf_stubs.o ABSOLUTE
    _printf_sizespec                         0x00000000   Number         0  printf_stubs.o ABSOLUTE
    _printf_widthprec                        0x00000000   Number         0  printf_stubs.o ABSOLUTE
    __ARM_exceptions_init                     - Undefined Weak Reference
    __alloca_initialize                       - Undefined Weak Reference
    __arm_preinit_                            - Undefined Weak Reference
    __cpp_initialize__aeabi_                  - Undefined Weak Reference
    __cxa_finalize                            - Undefined Weak Reference
    __rt_locale                               - Undefined Weak Reference
    __sigvec_lookup                           - Undefined Weak Reference
    _atexit_init                              - Undefined Weak Reference
    _call_atexit_fns                          - Undefined Weak Reference
    _clock_init                               - Undefined Weak Reference
    _fp_trap_init                             - Undefined Weak Reference
    _fp_trap_shutdown                         - Undefined Weak Reference
    _get_lc_collate                           - Undefined Weak Reference
    _get_lc_ctype                             - Undefined Weak Reference
    _get_lc_monetary                          - Undefined Weak Reference
    _get_lc_numeric                           - Undefined Weak Reference
    _get_lc_time                              - Undefined Weak Reference
    _getenv_init                              - Undefined Weak Reference
    _handle_redirection                       - Undefined Weak Reference
    _init_alloc                               - Undefined Weak Reference
    _init_user_alloc                          - Undefined Weak Reference
    _initio                                   - Undefined Weak Reference
    _printf_truncate_signed                   - Undefined Weak Reference
    _printf_truncate_unsigned                 - Undefined Weak Reference
    _rand_init                                - Undefined Weak Reference
    _signal_finish                            - Undefined Weak Reference
    _signal_init                              - Undefined Weak Reference
    _terminate_alloc                          - Undefined Weak Reference
    _terminate_user_alloc                     - Undefined Weak Reference
    _terminateio                              - Undefined Weak Reference
    __Vectors_Size                           0x00000194   Number         0  startup_stm32f303xe.o ABSOLUTE
    __Vectors                                0x08000000   Data           4  startup_stm32f303xe.o(RESET)
    __Vectors_End                            0x08000194   Data           0  startup_stm32f303xe.o(RESET)
    __main                                   0x08000195   Thumb Code     8  __main.o(!!!main)
    __scatterload                            0x0800019d   Thumb Code     0  __scatter.o(!!!scatter)
    __scatterload_rt2                        0x0800019d   Thumb Code    44  __scatter.o(!!!scatter)
    __scatterload_rt2_thumb_only             0x0800019d   Thumb Code     0  __scatter.o(!!!scatter)
    __scatterload_null                       0x080001ab   Thumb Code     0  __scatter.o(!!!scatter)
    __scatterload_copy                       0x080001d1   Thumb Code    26  __scatter_copy.o(!!handler_copy)
    __scatterload_zeroinit                   0x080001ed   Thumb Code    28  __scatter_zi.o(!!handler_zi)
    _printf_d                                0x08000209   Thumb Code     0  _printf_d.o(.ARM.Collect$$_printf_percent$$00000009)
    _printf_percent                          0x08000209   Thumb Code     0  _printf_percent.o(.ARM.Collect$$_printf_percent$$00000000)
    _printf_percent_end                      0x0800020f   Thumb Code     0  _printf_percent_end.o(.ARM.Collect$$_printf_percent$$00000017)
    __rt_lib_init                            0x08000213   Thumb Code     0  libinit.o(.ARM.Collect$$libinit$$00000000)
    __rt_lib_init_fp_1                       0x08000215   Thumb Code     0  libinit2.o(.ARM.Collect$$libinit$$00000001)
    __rt_lib_init_alloca_1                   0x08000219   Thumb Code     0  libinit2.o(.ARM.Collect$$libinit$$0000002E)
    __rt_lib_init_argv_1                     0x08000219   Thumb Code     0  libinit2.o(.ARM.Collect$$libinit$$0000002C)
    __rt_lib_init_atexit_1                   0x08000219   Thumb Code     0  libinit2.o(.ARM.Collect$$libinit$$0000001B)
    __rt_lib_init_clock_1                    0x08000219   Thumb Code     0  libinit2.o(.ARM.Collect$$libinit$$00000021)
    __rt_lib_init_cpp_1                      0x08000219   Thumb Code     0  libinit2.o(.ARM.Collect$$libinit$$00000032)
    __rt_lib_init_exceptions_1               0x08000219   Thumb Code     0  libinit2.o(.ARM.Collect$$libinit$$00000030)
    __rt_lib_init_fp_trap_1                  0x08000219   Thumb Code     0  libinit2.o(.ARM.Collect$$libinit$$0000001F)
    __rt_lib_init_getenv_1                   0x08000219   Thumb Code     0  libinit2.o(.ARM.Collect$$libinit$$00000023)
    __rt_lib_init_heap_1                     0x08000219   Thumb Code     0  libinit2.o(.ARM.Collect$$libinit$$0000000A)
    __rt_lib_init_lc_collate_1               0x08000219   Thumb Code     0  libinit2.o(.ARM.Collect$$libinit$$00000011)
    __rt_lib_init_lc_ctype_1                 0x08000219   Thumb Code     0  libinit2.o(.ARM.Collect$$libinit$$00000013)
    __rt_lib_init_lc_monetary_1              0x08000219   Thumb Code     0  libinit2.o(.ARM.Collect$$libinit$$00000015)
    __rt_lib_init_lc_numeric_1               0x08000219   Thumb Code     0  libinit2.o(.ARM.Collect$$libinit$$00000017)
    __rt_lib_init_lc_time_1                  0x08000219   Thumb Code     0  libinit2.o(.ARM.Collect$$libinit$$00000019)
    __rt_lib_init_preinit_1                  0x08000219   Thumb Code     0  libinit2.o(.ARM.Collect$$libinit$$00000004)
    __rt_lib_init_rand_1                     0x08000219   Thumb Code     0  libinit2.o(.ARM.Collect$$libinit$$0000000E)
    __rt_lib_init_return                     0x08000219   Thumb Code     0  libinit2.o(.ARM.Collect$$libinit$$00000033)
    __rt_lib_init_signal_1                   0x08000219   Thumb Code     0  libinit2.o(.ARM.Collect$$libinit$$0000001D)
    __rt_lib_init_stdio_1                    0x08000219   Thumb Code     0  libinit2.o(.ARM.Collect$$libinit$$00000025)
    __rt_lib_init_user_alloc_1               0x08000219   Thumb Code     0  libinit2.o(.ARM.Collect$$libinit$$0000000C)
    __rt_lib_shutdown                        0x0800021b   Thumb Code     0  libshutdown.o(.ARM.Collect$$libshutdown$$00000000)
    __rt_lib_shutdown_cpp_1                  0x0800021d   Thumb Code     0  libshutdown2.o(.ARM.Collect$$libshutdown$$00000002)
    __rt_lib_shutdown_fp_trap_1              0x0800021d   Thumb Code     0  libshutdown2.o(.ARM.Collect$$libshutdown$$00000007)
    __rt_lib_shutdown_heap_1                 0x0800021d   Thumb Code     0  libshutdown2.o(.ARM.Collect$$libshutdown$$0000000F)
    __rt_lib_shutdown_return                 0x0800021d   Thumb Code     0  libshutdown2.o(.ARM.Collect$$libshutdown$$00000010)
    __rt_lib_shutdown_signal_1               0x0800021d   Thumb Code     0  libshutdown2.o(.ARM.Collect$$libshutdown$$0000000A)
    __rt_lib_shutdown_stdio_1                0x0800021d   Thumb Code     0  libshutdown2.o(.ARM.Collect$$libshutdown$$00000004)
    __rt_lib_shutdown_user_alloc_1           0x0800021d   Thumb Code     0  libshutdown2.o(.ARM.Collect$$libshutdown$$0000000C)
    __rt_entry                               0x0800021f   Thumb Code     0  __rtentry.o(.ARM.Collect$$rtentry$$00000000)
    __rt_entry_presh_1                       0x0800021f   Thumb Code     0  __rtentry2.o(.ARM.Collect$$rtentry$$00000002)
    __rt_entry_sh                            0x0800021f   Thumb Code     0  __rtentry4.o(.ARM.Collect$$rtentry$$00000004)
    __rt_entry_li                            0x08000225   Thumb Code     0  __rtentry2.o(.ARM.Collect$$rtentry$$0000000A)
    __rt_entry_postsh_1                      0x08000225   Thumb Code     0  __rtentry2.o(.ARM.Collect$$rtentry$$00000009)
    __rt_entry_main                          0x08000229   Thumb Code     0  __rtentry2.o(.ARM.Collect$$rtentry$$0000000D)
    __rt_entry_postli_1                      0x08000229   Thumb Code     0  __rtentry2.o(.ARM.Collect$$rtentry$$0000000C)
    __rt_exit                                0x08000231   Thumb Code     0  rtexit.o(.ARM.Collect$$rtexit$$00000000)
    __rt_exit_ls                             0x08000233   Thumb Code     0  rtexit2.o(.ARM.Collect$$rtexit$$00000003)
    __rt_exit_prels_1                        0x08000233   Thumb Code     0  rtexit2.o(.ARM.Collect$$rtexit$$00000002)
    __rt_exit_exit                           0x08000237   Thumb Code     0  rtexit2.o(.ARM.Collect$$rtexit$$00000004)
    Reset_Handler                            0x0800023d   Thumb Code     8  startup_stm32f303xe.o(.text)
    NMI_Handler                              0x08000245   Thumb Code     2  startup_stm32f303xe.o(.text)
    HardFault_Handler                        0x08000247   Thumb Code     2  startup_stm32f303xe.o(.text)
    MemManage_Handler                        0x08000249   Thumb Code     2  startup_stm32f303xe.o(.text)
    BusFault_Handler                         0x0800024b   Thumb Code     2  startup_stm32f303xe.o(.text)
    UsageFault_Handler                       0x0800024d   Thumb Code     2  startup_stm32f303xe.o(.text)
    SVC_Handler                              0x0800024f   Thumb Code     2  startup_stm32f303xe.o(.text)
    DebugMon_Handler                         0x08000251   Thumb Code     2  startup_stm32f303xe.o(.text)
    PendSV_Handler                           0x08000253   Thumb Code     2  startup_stm32f303xe.o(.text)
    SysTick_Handler                          0x08000255   Thumb Code     2  startup_stm32f303xe.o(.text)
    ADC1_2_IRQHandler                        0x08000257   Thumb Code     0  startup_stm32f303xe.o(.text)
    ADC3_IRQHandler                          0x08000257   Thumb Code     0  startup_stm32f303xe.o(.text)
    ADC4_IRQHandler                          0x08000257   Thumb Code     0  startup_stm32f303xe.o(.text)
    CAN_RX1_IRQHandler                       0x08000257   Thumb Code     0  startup_stm32f303xe.o(.text)
    CAN_SCE_IRQHandler                       0x08000257   Thumb Code     0  startup_stm32f303xe.o(.text)
    COMP1_2_3_IRQHandler                     0x08000257   Thumb Code     0  startup_stm32f303xe.o(.text)
    COMP4_5_6_IRQHandler                     0x08000257   Thumb Code     0  startup_stm32f303xe.o(.text)
    COMP7_IRQHandler                         0x08000257   Thumb Code     0  startup_stm32f303xe.o(.text)
    DMA1_Channel1_IRQHandler                 0x08000257   Thumb Code     0  startup_stm32f303xe.o(.text)
    DMA1_Channel2_IRQHandler                 0x08000257   Thumb Code     0  startup_stm32f303xe.o(.text)
    DMA1_Channel3_IRQHandler                 0x08000257   Thumb Code     0  startup_stm32f303xe.o(.text)
    DMA1_Channel4_IRQHandler                 0x08000257   Thumb Code     0  startup_stm32f303xe.o(.text)
    DMA1_Channel5_IRQHandler                 0x08000257   Thumb Code     0  startup_stm32f303xe.o(.text)
    DMA1_Channel6_IRQHandler                 0x08000257   Thumb Code     0  startup_stm32f303xe.o(.text)
    DMA1_Channel7_IRQHandler                 0x08000257   Thumb Code     0  startup_stm32f303xe.o(.text)
    DMA2_Channel1_IRQHandler                 0x08000257   Thumb Code     0  startup_stm32f303xe.o(.text)
    DMA2_Channel2_IRQHandler                 0x08000257   Thumb Code     0  startup_stm32f303xe.o(.text)
    DMA2_Channel3_IRQHandler                 0x08000257   Thumb Code     0  startup_stm32f303xe.o(.text)
    DMA2_Channel4_IRQHandler                 0x08000257   Thumb Code     0  startup_stm32f303xe.o(.text)
    DMA2_Channel5_IRQHandler                 0x08000257   Thumb Code     0  startup_stm32f303xe.o(.text)
    EXTI0_IRQHandler                         0x08000257   Thumb Code     0  startup_stm32f303xe.o(.text)
    EXTI15_10_IRQHandler                     0x08000257   Thumb Code     0  startup_stm32f303xe.o(.text)
    EXTI1_IRQHandler                         0x08000257   Thumb Code     0  startup_stm32f303xe.o(.text)
    EXTI2_TSC_IRQHandler                     0x08000257   Thumb Code     0  startup_stm32f303xe.o(.text)
    EXTI3_IRQHandler                         0x08000257   Thumb Code     0  startup_stm32f303xe.o(.text)
    EXTI4_IRQHandler                         0x08000257   Thumb Code     0  startup_stm32f303xe.o(.text)
    EXTI9_5_IRQHandler                       0x08000257   Thumb Code     0  startup_stm32f303xe.o(.text)
    FLASH_IRQHandler                         0x08000257   Thumb Code     0  startup_stm32f303xe.o(.text)
    FMC_IRQHandler                           0x08000257   Thumb Code     0  startup_stm32f303xe.o(.text)
    FPU_IRQHandler                           0x08000257   Thumb Code     0  startup_stm32f303xe.o(.text)
    I2C1_ER_IRQHandler                       0x08000257   Thumb Code     0  startup_stm32f303xe.o(.text)
    I2C1_EV_IRQHandler                       0x08000257   Thumb Code     0  startup_stm32f303xe.o(.text)
    I2C2_ER_IRQHandler                       0x08000257   Thumb Code     0  startup_stm32f303xe.o(.text)
    I2C2_EV_IRQHandler                       0x08000257   Thumb Code     0  startup_stm32f303xe.o(.text)
    I2C3_ER_IRQHandler                       0x08000257   Thumb Code     0  startup_stm32f303xe.o(.text)
    I2C3_EV_IRQHandler                       0x08000257   Thumb Code     0  startup_stm32f303xe.o(.text)
    PVD_IRQHandler                           0x08000257   Thumb Code     0  startup_stm32f303xe.o(.text)
    RCC_IRQHandler                           0x08000257   Thumb Code     0  startup_stm32f303xe.o(.text)
    RTC_Alarm_IRQHandler                     0x08000257   Thumb Code     0  startup_stm32f303xe.o(.text)
    RTC_WKUP_IRQHandler                      0x08000257   Thumb Code     0  startup_stm32f303xe.o(.text)
    SPI1_IRQHandler                          0x08000257   Thumb Code     0  startup_stm32f303xe.o(.text)
    SPI2_IRQHandler                          0x08000257   Thumb Code     0  startup_stm32f303xe.o(.text)
    SPI3_IRQHandler                          0x08000257   Thumb Code     0  startup_stm32f303xe.o(.text)
    SPI4_IRQHandler                          0x08000257   Thumb Code     0  startup_stm32f303xe.o(.text)
    TAMP_STAMP_IRQHandler                    0x08000257   Thumb Code     0  startup_stm32f303xe.o(.text)
    TIM1_BRK_TIM15_IRQHandler                0x08000257   Thumb Code     0  startup_stm32f303xe.o(.text)
    TIM1_CC_IRQHandler                       0x08000257   Thumb Code     0  startup_stm32f303xe.o(.text)
    TIM1_TRG_COM_TIM17_IRQHandler            0x08000257   Thumb Code     0  startup_stm32f303xe.o(.text)
    TIM1_UP_TIM16_IRQHandler                 0x08000257   Thumb Code     0  startup_stm32f303xe.o(.text)
    TIM20_BRK_IRQHandler                     0x08000257   Thumb Code     0  startup_stm32f303xe.o(.text)
    TIM20_CC_IRQHandler                      0x08000257   Thumb Code     0  startup_stm32f303xe.o(.text)
    TIM20_TRG_COM_IRQHandler                 0x08000257   Thumb Code     0  startup_stm32f303xe.o(.text)
    TIM20_UP_IRQHandler                      0x08000257   Thumb Code     0  startup_stm32f303xe.o(.text)
    TIM2_IRQHandler                          0x08000257   Thumb Code     0  startup_stm32f303xe.o(.text)
    TIM4_IRQHandler                          0x08000257   Thumb Code     0  startup_stm32f303xe.o(.text)
    TIM6_DAC_IRQHandler                      0x08000257   Thumb Code     0  startup_stm32f303xe.o(.text)
    TIM7_IRQHandler                          0x08000257   Thumb Code     0  startup_stm32f303xe.o(.text)
    TIM8_BRK_IRQHandler                      0x08000257   Thumb Code     0  startup_stm32f303xe.o(.text)
    TIM8_CC_IRQHandler                       0x08000257   Thumb Code     0  startup_stm32f303xe.o(.text)
    TIM8_TRG_COM_IRQHandler                  0x08000257   Thumb Code     0  startup_stm32f303xe.o(.text)
    TIM8_UP_IRQHandler                       0x08000257   Thumb Code     0  startup_stm32f303xe.o(.text)
    UART4_IRQHandler                         0x08000257   Thumb Code     0  startup_stm32f303xe.o(.text)
    UART5_IRQHandler                         0x08000257   Thumb Code     0  startup_stm32f303xe.o(.text)
    USART2_IRQHandler                        0x08000257   Thumb Code     0  startup_stm32f303xe.o(.text)
    USART3_IRQHandler                        0x08000257   Thumb Code     0  startup_stm32f303xe.o(.text)
    USBWakeUp_IRQHandler                     0x08000257   Thumb Code     0  startup_stm32f303xe.o(.text)
    USBWakeUp_RMP_IRQHandler                 0x08000257   Thumb Code     0  startup_stm32f303xe.o(.text)
    USB_HP_CAN_TX_IRQHandler                 0x08000257   Thumb Code     0  startup_stm32f303xe.o(.text)
    USB_HP_IRQHandler                        0x08000257   Thumb Code     0  startup_stm32f303xe.o(.text)
    USB_LP_CAN_RX0_IRQHandler                0x08000257   Thumb Code     0  startup_stm32f303xe.o(.text)
    USB_LP_IRQHandler                        0x08000257   Thumb Code     0  startup_stm32f303xe.o(.text)
    WWDG_IRQHandler                          0x08000257   Thumb Code     0  startup_stm32f303xe.o(.text)
    __user_initial_stackheap                 0x08000259   Thumb Code     0  startup_stm32f303xe.o(.text)
    __2sprintf                               0x0800027d   Thumb Code    34  noretval__2sprintf.o(.text)
    _printf_pre_padding                      0x080002a5   Thumb Code    44  _printf_pad.o(.text)
    _printf_post_padding                     0x080002d1   Thumb Code    34  _printf_pad.o(.text)
    _printf_int_dec                          0x080002f5   Thumb Code   104  _printf_dec.o(.text)
    __printf                                 0x0800036d   Thumb Code   270  __printf_wp.o(.text)
    strlen                                   0x0800047b   Thumb Code    62  strlen.o(.text)
    __aeabi_memcpy4                          0x080004b9   Thumb Code     0  rt_memcpy_w.o(.text)
    __aeabi_memcpy8                          0x080004b9   Thumb Code     0  rt_memcpy_w.o(.text)
    __rt_memcpy_w                            0x080004b9   Thumb Code   100  rt_memcpy_w.o(.text)
    _memcpy_lastbytes_aligned                0x08000501   Thumb Code     0  rt_memcpy_w.o(.text)
    __use_two_region_memory                  0x0800051d   Thumb Code     2  heapauxi.o(.text)
    __rt_heap_escrow$2region                 0x0800051f   Thumb Code     2  heapauxi.o(.text)
    __rt_heap_expand$2region                 0x08000521   Thumb Code     2  heapauxi.o(.text)
    _printf_int_common                       0x08000523   Thumb Code   178  _printf_intcommon.o(.text)
    _printf_char_common                      0x080005df   Thumb Code    32  _printf_char_common.o(.text)
    _sputc                                   0x08000605   Thumb Code    10  _sputc.o(.text)
    __user_setup_stackheap                   0x0800060f   Thumb Code    74  sys_stackheap_outer.o(.text)
    exit                                     0x08000659   Thumb Code    18  exit.o(.text)
    __user_libspace                          0x0800066d   Thumb Code     8  libspace.o(.text)
    __user_perproc_libspace                  0x0800066d   Thumb Code     0  libspace.o(.text)
    __user_perthread_libspace                0x0800066d   Thumb Code     0  libspace.o(.text)
    _sys_exit                                0x08000675   Thumb Code     8  sys_exit.o(.text)
    __I$use$semihosting                      0x08000681   Thumb Code     0  use_no_semi.o(.text)
    __use_no_semihosting_swi                 0x08000681   Thumb Code     2  use_no_semi.o(.text)
    __semihosting_library_function           0x08000683   Thumb Code     0  indicate_semi.o(.text)
    Board_LCDInit                            0x08000685   Thumb Code   386  lcd.o(i.Board_LCDInit)
    DCLeft_Init                              0x08000811   Thumb Code   252  wheels.o(i.DCLeft_Init)
    DCLeft_Mov                               0x0800091d   Thumb Code    36  wheels.o(i.DCLeft_Mov)
    DCLeft_Stp                               0x08000945   Thumb Code    28  wheels.o(i.DCLeft_Stp)
    DCRight_Init                             0x08000965   Thumb Code   260  wheels.o(i.DCRight_Init)
    DCRight_Mov                              0x08000a7d   Thumb Code    32  wheels.o(i.DCRight_Mov)
    DCRight_Stp                              0x08000aa5   Thumb Code    24  wheels.o(i.DCRight_Stp)
    DC_Test                                  0x08000ac5   Thumb Code   162  test.o(i.DC_Test)
    Delay_ms                                 0x08000b85   Thumb Code    20  lcd.o(i.Delay_ms)
    Delay_s                                  0x08000b99   Thumb Code    18  lcd.o(i.Delay_s)
    Delay_us                                 0x08000bb1   Thumb Code    58  lcd.o(i.Delay_us)
    Enc_Init                                 0x08000bf5   Thumb Code   324  encoder.o(i.Enc_Init)
    Enc_Test                                 0x08000d41   Thumb Code   120  test.o(i.Enc_Test)
    Func_Test                                0x08000dd9   Thumb Code    60  test.o(i.Func_Test)
    LCD_Test                                 0x08000e15   Thumb Code    24  test.o(i.LCD_Test)
    LCDclear                                 0x08000e3d   Thumb Code    16  lcd.o(i.LCDclear)
    LCDcmd                                   0x08000e4d   Thumb Code    98  lcd.o(i.LCDcmd)
    LCDdata                                  0x08000eb5   Thumb Code    98  lcd.o(i.LCDdata)
    LCDputs                                  0x08000f1d   Thumb Code    34  lcd.o(i.LCDputs)
    LimitLeft_Init                           0x08000f41   Thumb Code    26  stepper.o(i.LimitLeft_Init)
    LimitRight_Init                          0x08000f65   Thumb Code    26  stepper.o(i.LimitRight_Init)
    Menu_Print                               0x08000f89   Thumb Code    24  rs232.o(i.Menu_Print)
    Mov_Servo                                0x08000fa5   Thumb Code    14  servo.o(i.Mov_Servo)
    Servo_Init                               0x08000fb5   Thumb Code    56  servo.o(i.Servo_Init)
    Servo_Test                               0x08000ff5   Thumb Code    70  test.o(i.Servo_Test)
    Servo_Tim                                0x08001049   Thumb Code   122  servo.o(i.Servo_Tim)
    Step_Init                                0x080010cd   Thumb Code   176  stepper.o(i.Step_Init)
    Step_Test                                0x08001185   Thumb Code   122  test.o(i.Step_Test)
    SystemInit                               0x0800121d   Thumb Code   104  system_stm32f3xx.o(i.SystemInit)
    System_Clock_Init                        0x08001299   Thumb Code   244  sysclock.o(i.System_Clock_Init)
    TIM3_IRQHandler                          0x08001395   Thumb Code    96  encoder.o(i.TIM3_IRQHandler)
    UART1_Init                               0x08001409   Thumb Code   310  rs232.o(i.UART1_Init)
    UARTprintf                               0x08001555   Thumb Code    50  rs232.o(i.UARTprintf)
    USART1_IRQHandler                        0x0800158d   Thumb Code    22  rs232.o(i.USART1_IRQHandler)
    _is_digit                                0x080015ad   Thumb Code    14  __printf_wp.o(i._is_digit)
    main                                     0x080015bd   Thumb Code    44  main.o(i.main)
    output                                   0x080015ed   Thumb Code   122  stepper.o(i.output)
    __aeabi_d2uiz                            0x08001675   Thumb Code     0  dfixu.o(x$fpl$dfixu)
    _dfixu                                   0x08001675   Thumb Code    90  dfixu.o(x$fpl$dfixu)
    __aeabi_ui2d                             0x080016cf   Thumb Code     0  dflt_clz.o(x$fpl$dfltu)
    _dfltu                                   0x080016cf   Thumb Code    38  dflt_clz.o(x$fpl$dfltu)
    __aeabi_dmul                             0x080016f5   Thumb Code     0  dmul.o(x$fpl$dmul)
    _dmul                                    0x080016f5   Thumb Code   332  dmul.o(x$fpl$dmul)
    __fpl_dnaninf                            0x08001849   Thumb Code   156  dnaninf.o(x$fpl$dnaninf)
    __fpl_dretinf                            0x080018e5   Thumb Code    12  dretinf.o(x$fpl$dretinf)
    _fp_init                                 0x080018f1   Thumb Code    10  fpinit.o(x$fpl$fpinit)
    __fplib_config_fpu_vfp                   0x080018f9   Thumb Code     0  fpinit.o(x$fpl$fpinit)
    __fplib_config_pureend_doubles           0x080018f9   Thumb Code     0  fpinit.o(x$fpl$fpinit)
    __I$use$fp                               0x080018fa   Number         0  usenofp.o(x$fpl$usenofp)
    Region$$Table$$Base                      0x08001998   Number         0  anon$$obj.o(Region$$Table)
    Region$$Table$$Limit                     0x080019b8   Number         0  anon$$obj.o(Region$$Table)
    count                                    0x20000000   Data           1  stepper.o(.data)
    outarray                                 0x20000001   Data           8  stepper.o(.data)
    PWML                                     0x2000000a   Data           2  encoder.o(.data)
    PWMR                                     0x2000000c   Data           2  encoder.o(.data)
    Value                                    0x20000012   Data           1  rs232.o(.data)
    __libspace_start                         0x20000014   Data          96  libspace.o(.bss)
    __temporary_stack_top$libspace           0x20000074   Data           0  libspace.o(.bss)



==============================================================================

Memory Map of the image

  Image Entry point : 0x08000195

  Load Region LR_IROM1 (Base: 0x08000000, Size: 0x000019cc, Max: 0x00080000, ABSOLUTE)

    Execution Region ER_IROM1 (Exec base: 0x08000000, Load base: 0x08000000, Size: 0x000019b8, Max: 0x00080000, ABSOLUTE)

    Exec Addr    Load Addr    Size         Type   Attr      Idx    E Section Name        Object

    0x08000000   0x08000000   0x00000194   Data   RO            3    RESET               startup_stm32f303xe.o
    0x08000194   0x08000194   0x00000008   Code   RO          580  * !!!main             c_w.l(__main.o)
    0x0800019c   0x0800019c   0x00000034   Code   RO          763    !!!scatter          c_w.l(__scatter.o)
    0x080001d0   0x080001d0   0x0000001a   Code   RO          765    !!handler_copy      c_w.l(__scatter_copy.o)
    0x080001ea   0x080001ea   0x00000002   PAD
    0x080001ec   0x080001ec   0x0000001c   Code   RO          767    !!handler_zi        c_w.l(__scatter_zi.o)
    0x08000208   0x08000208   0x00000000   Code   RO          573    .ARM.Collect$$_printf_percent$$00000000  c_w.l(_printf_percent.o)
    0x08000208   0x08000208   0x00000006   Code   RO          572    .ARM.Collect$$_printf_percent$$00000009  c_w.l(_printf_d.o)
    0x0800020e   0x0800020e   0x00000004   Code   RO          601    .ARM.Collect$$_printf_percent$$00000017  c_w.l(_printf_percent_end.o)
    0x08000212   0x08000212   0x00000002   Code   RO          633    .ARM.Collect$$libinit$$00000000  c_w.l(libinit.o)
    0x08000214   0x08000214   0x00000004   Code   RO          639    .ARM.Collect$$libinit$$00000001  c_w.l(libinit2.o)
    0x08000218   0x08000218   0x00000000   Code   RO          642    .ARM.Collect$$libinit$$00000004  c_w.l(libinit2.o)
    0x08000218   0x08000218   0x00000000   Code   RO          645    .ARM.Collect$$libinit$$0000000A  c_w.l(libinit2.o)
    0x08000218   0x08000218   0x00000000   Code   RO          647    .ARM.Collect$$libinit$$0000000C  c_w.l(libinit2.o)
    0x08000218   0x08000218   0x00000000   Code   RO          649    .ARM.Collect$$libinit$$0000000E  c_w.l(libinit2.o)
    0x08000218   0x08000218   0x00000000   Code   RO          652    .ARM.Collect$$libinit$$00000011  c_w.l(libinit2.o)
    0x08000218   0x08000218   0x00000000   Code   RO          654    .ARM.Collect$$libinit$$00000013  c_w.l(libinit2.o)
    0x08000218   0x08000218   0x00000000   Code   RO          656    .ARM.Collect$$libinit$$00000015  c_w.l(libinit2.o)
    0x08000218   0x08000218   0x00000000   Code   RO          658    .ARM.Collect$$libinit$$00000017  c_w.l(libinit2.o)
    0x08000218   0x08000218   0x00000000   Code   RO          660    .ARM.Collect$$libinit$$00000019  c_w.l(libinit2.o)
    0x08000218   0x08000218   0x00000000   Code   RO          662    .ARM.Collect$$libinit$$0000001B  c_w.l(libinit2.o)
    0x08000218   0x08000218   0x00000000   Code   RO          664    .ARM.Collect$$libinit$$0000001D  c_w.l(libinit2.o)
    0x08000218   0x08000218   0x00000000   Code   RO          666    .ARM.Collect$$libinit$$0000001F  c_w.l(libinit2.o)
    0x08000218   0x08000218   0x00000000   Code   RO          668    .ARM.Collect$$libinit$$00000021  c_w.l(libinit2.o)
    0x08000218   0x08000218   0x00000000   Code   RO          670    .ARM.Collect$$libinit$$00000023  c_w.l(libinit2.o)
    0x08000218   0x08000218   0x00000000   Code   RO          672    .ARM.Collect$$libinit$$00000025  c_w.l(libinit2.o)
    0x08000218   0x08000218   0x00000000   Code   RO          676    .ARM.Collect$$libinit$$0000002C  c_w.l(libinit2.o)
    0x08000218   0x08000218   0x00000000   Code   RO          678    .ARM.Collect$$libinit$$0000002E  c_w.l(libinit2.o)
    0x08000218   0x08000218   0x00000000   Code   RO          680    .ARM.Collect$$libinit$$00000030  c_w.l(libinit2.o)
    0x08000218   0x08000218   0x00000000   Code   RO          682    .ARM.Collect$$libinit$$00000032  c_w.l(libinit2.o)
    0x08000218   0x08000218   0x00000002   Code   RO          683    .ARM.Collect$$libinit$$00000033  c_w.l(libinit2.o)
    0x0800021a   0x0800021a   0x00000002   Code   RO          703    .ARM.Collect$$libshutdown$$00000000  c_w.l(libshutdown.o)
    0x0800021c   0x0800021c   0x00000000   Code   RO          716    .ARM.Collect$$libshutdown$$00000002  c_w.l(libshutdown2.o)
    0x0800021c   0x0800021c   0x00000000   Code   RO          718    .ARM.Collect$$libshutdown$$00000004  c_w.l(libshutdown2.o)
    0x0800021c   0x0800021c   0x00000000   Code   RO          721    .ARM.Collect$$libshutdown$$00000007  c_w.l(libshutdown2.o)
    0x0800021c   0x0800021c   0x00000000   Code   RO          724    .ARM.Collect$$libshutdown$$0000000A  c_w.l(libshutdown2.o)
    0x0800021c   0x0800021c   0x00000000   Code   RO          726    .ARM.Collect$$libshutdown$$0000000C  c_w.l(libshutdown2.o)
    0x0800021c   0x0800021c   0x00000000   Code   RO          729    .ARM.Collect$$libshutdown$$0000000F  c_w.l(libshutdown2.o)
    0x0800021c   0x0800021c   0x00000002   Code   RO          730    .ARM.Collect$$libshutdown$$00000010  c_w.l(libshutdown2.o)
    0x0800021e   0x0800021e   0x00000000   Code   RO          594    .ARM.Collect$$rtentry$$00000000  c_w.l(__rtentry.o)
    0x0800021e   0x0800021e   0x00000000   Code   RO          608    .ARM.Collect$$rtentry$$00000002  c_w.l(__rtentry2.o)
    0x0800021e   0x0800021e   0x00000006   Code   RO          620    .ARM.Collect$$rtentry$$00000004  c_w.l(__rtentry4.o)
    0x08000224   0x08000224   0x00000000   Code   RO          610    .ARM.Collect$$rtentry$$00000009  c_w.l(__rtentry2.o)
    0x08000224   0x08000224   0x00000004   Code   RO          611    .ARM.Collect$$rtentry$$0000000A  c_w.l(__rtentry2.o)
    0x08000228   0x08000228   0x00000000   Code   RO          613    .ARM.Collect$$rtentry$$0000000C  c_w.l(__rtentry2.o)
    0x08000228   0x08000228   0x00000008   Code   RO          614    .ARM.Collect$$rtentry$$0000000D  c_w.l(__rtentry2.o)
    0x08000230   0x08000230   0x00000002   Code   RO          637    .ARM.Collect$$rtexit$$00000000  c_w.l(rtexit.o)
    0x08000232   0x08000232   0x00000000   Code   RO          685    .ARM.Collect$$rtexit$$00000002  c_w.l(rtexit2.o)
    0x08000232   0x08000232   0x00000004   Code   RO          686    .ARM.Collect$$rtexit$$00000003  c_w.l(rtexit2.o)
    0x08000236   0x08000236   0x00000006   Code   RO          687    .ARM.Collect$$rtexit$$00000004  c_w.l(rtexit2.o)
    0x0800023c   0x0800023c   0x00000040   Code   RO            4    .text               startup_stm32f303xe.o
    0x0800027c   0x0800027c   0x00000028   Code   RO          544    .text               c_w.l(noretval__2sprintf.o)
    0x080002a4   0x080002a4   0x0000004e   Code   RO          548    .text               c_w.l(_printf_pad.o)
    0x080002f2   0x080002f2   0x00000002   PAD
    0x080002f4   0x080002f4   0x00000078   Code   RO          550    .text               c_w.l(_printf_dec.o)
    0x0800036c   0x0800036c   0x0000010e   Code   RO          560    .text               c_w.l(__printf_wp.o)
    0x0800047a   0x0800047a   0x0000003e   Code   RO          574    .text               c_w.l(strlen.o)
    0x080004b8   0x080004b8   0x00000064   Code   RO          576    .text               c_w.l(rt_memcpy_w.o)
    0x0800051c   0x0800051c   0x00000006   Code   RO          578    .text               c_w.l(heapauxi.o)
    0x08000522   0x08000522   0x000000b2   Code   RO          595    .text               c_w.l(_printf_intcommon.o)
    0x080005d4   0x080005d4   0x00000030   Code   RO          597    .text               c_w.l(_printf_char_common.o)
    0x08000604   0x08000604   0x0000000a   Code   RO          599    .text               c_w.l(_sputc.o)
    0x0800060e   0x0800060e   0x0000004a   Code   RO          624    .text               c_w.l(sys_stackheap_outer.o)
    0x08000658   0x08000658   0x00000012   Code   RO          626    .text               c_w.l(exit.o)
    0x0800066a   0x0800066a   0x00000002   PAD
    0x0800066c   0x0800066c   0x00000008   Code   RO          634    .text               c_w.l(libspace.o)
    0x08000674   0x08000674   0x0000000c   Code   RO          695    .text               c_w.l(sys_exit.o)
    0x08000680   0x08000680   0x00000002   Code   RO          706    .text               c_w.l(use_no_semi.o)
    0x08000682   0x08000682   0x00000000   Code   RO          708    .text               c_w.l(indicate_semi.o)
    0x08000682   0x08000682   0x00000002   PAD
    0x08000684   0x08000684   0x0000018c   Code   RO          173    i.Board_LCDInit     lcd.o
    0x08000810   0x08000810   0x0000010c   Code   RO          398    i.DCLeft_Init       wheels.o
    0x0800091c   0x0800091c   0x00000028   Code   RO          399    i.DCLeft_Mov        wheels.o
    0x08000944   0x08000944   0x00000020   Code   RO          400    i.DCLeft_Stp        wheels.o
    0x08000964   0x08000964   0x00000118   Code   RO          401    i.DCRight_Init      wheels.o
    0x08000a7c   0x08000a7c   0x00000028   Code   RO          402    i.DCRight_Mov       wheels.o
    0x08000aa4   0x08000aa4   0x00000020   Code   RO          403    i.DCRight_Stp       wheels.o
    0x08000ac4   0x08000ac4   0x000000c0   Code   RO          300    i.DC_Test           test.o
    0x08000b84   0x08000b84   0x00000014   Code   RO          174    i.Delay_ms          lcd.o
    0x08000b98   0x08000b98   0x00000018   Code   RO          175    i.Delay_s           lcd.o
    0x08000bb0   0x08000bb0   0x00000044   Code   RO          176    i.Delay_us          lcd.o
    0x08000bf4   0x08000bf4   0x0000014c   Code   RO          452    i.Enc_Init          encoder.o
    0x08000d40   0x08000d40   0x00000098   Code   RO          301    i.Enc_Test          test.o
    0x08000dd8   0x08000dd8   0x0000003c   Code   RO          302    i.Func_Test         test.o
    0x08000e14   0x08000e14   0x00000028   Code   RO          303    i.LCD_Test          test.o
    0x08000e3c   0x08000e3c   0x00000010   Code   RO          177    i.LCDclear          lcd.o
    0x08000e4c   0x08000e4c   0x00000068   Code   RO          178    i.LCDcmd            lcd.o
    0x08000eb4   0x08000eb4   0x00000068   Code   RO          179    i.LCDdata           lcd.o
    0x08000f1c   0x08000f1c   0x00000022   Code   RO          182    i.LCDputs           lcd.o
    0x08000f3e   0x08000f3e   0x00000002   PAD
    0x08000f40   0x08000f40   0x00000024   Code   RO          255    i.LimitLeft_Init    stepper.o
    0x08000f64   0x08000f64   0x00000024   Code   RO          256    i.LimitRight_Init   stepper.o
    0x08000f88   0x08000f88   0x0000001c   Code   RO          489    i.Menu_Print        rs232.o
    0x08000fa4   0x08000fa4   0x0000000e   Code   RO          359    i.Mov_Servo         servo.o
    0x08000fb2   0x08000fb2   0x00000002   PAD
    0x08000fb4   0x08000fb4   0x00000040   Code   RO          360    i.Servo_Init        servo.o
    0x08000ff4   0x08000ff4   0x00000054   Code   RO          304    i.Servo_Test        test.o
    0x08001048   0x08001048   0x00000084   Code   RO          361    i.Servo_Tim         servo.o
    0x080010cc   0x080010cc   0x000000b8   Code   RO          257    i.Step_Init         stepper.o
    0x08001184   0x08001184   0x00000098   Code   RO          305    i.Step_Test         test.o
    0x0800121c   0x0800121c   0x0000007c   Code   RO           68    i.SystemInit        system_stm32f3xx.o
    0x08001298   0x08001298   0x000000fc   Code   RO           13    i.System_Clock_Init  sysclock.o
    0x08001394   0x08001394   0x00000074   Code   RO          453    i.TIM3_IRQHandler   encoder.o
    0x08001408   0x08001408   0x0000014c   Code   RO          490    i.UART1_Init        rs232.o
    0x08001554   0x08001554   0x00000038   Code   RO          491    i.UARTprintf        rs232.o
    0x0800158c   0x0800158c   0x00000020   Code   RO          492    i.USART1_IRQHandler  rs232.o
    0x080015ac   0x080015ac   0x0000000e   Code   RO          562    i._is_digit         c_w.l(__printf_wp.o)
    0x080015ba   0x080015ba   0x00000002   PAD
    0x080015bc   0x080015bc   0x00000030   Code   RO          114    i.main              main.o
    0x080015ec   0x080015ec   0x00000088   Code   RO          258    i.output            stepper.o
    0x08001674   0x08001674   0x0000005a   Code   RO          582    x$fpl$dfixu         fz_wm.l(dfixu.o)
    0x080016ce   0x080016ce   0x00000026   Code   RO          586    x$fpl$dfltu         fz_wm.l(dflt_clz.o)
    0x080016f4   0x080016f4   0x00000154   Code   RO          592    x$fpl$dmul          fz_wm.l(dmul.o)
    0x08001848   0x08001848   0x0000009c   Code   RO          602    x$fpl$dnaninf       fz_wm.l(dnaninf.o)
    0x080018e4   0x080018e4   0x0000000c   Code   RO          604    x$fpl$dretinf       fz_wm.l(dretinf.o)
    0x080018f0   0x080018f0   0x0000000a   Code   RO          693    x$fpl$fpinit        fz_wm.l(fpinit.o)
    0x080018fa   0x080018fa   0x00000000   Code   RO          606    x$fpl$usenofp       fz_wm.l(usenofp.o)
    0x080018fa   0x080018fa   0x00000002   PAD
    0x080018fc   0x080018fc   0x00000099   Data   RO          493    .conststring        rs232.o
    0x08001995   0x08001995   0x00000003   PAD
    0x08001998   0x08001998   0x00000020   Data   RO          761    Region$$Table       anon$$obj.o


    Execution Region RW_IRAM1 (Exec base: 0x20000000, Load base: 0x080019b8, Size: 0x00000678, Max: 0x00010000, ABSOLUTE)

    Exec Addr    Load Addr    Size         Type   Attr      Idx    E Section Name        Object

    0x20000000   0x080019b8   0x00000009   Data   RW          259    .data               stepper.o
    0x20000009   0x080019c1   0x00000001   PAD
    0x2000000a   0x080019c2   0x00000008   Data   RW          454    .data               encoder.o
    0x20000012   0x080019ca   0x00000001   Data   RW          494    .data               rs232.o
    0x20000013   0x080019cb   0x00000001   PAD
    0x20000014        -       0x00000060   Zero   RW          635    .bss                c_w.l(libspace.o)
    0x20000074   0x080019cb   0x00000004   PAD
    0x20000078        -       0x00000200   Zero   RW            2    HEAP                startup_stm32f303xe.o
    0x20000278        -       0x00000400   Zero   RW            1    STACK               startup_stm32f303xe.o


==============================================================================

Image component sizes


      Code (inc. data)   RO Data    RW Data    ZI Data      Debug   Object Name

       448         28          0          8          0      31924   encoder.o
       766         38          0          0          0       4236   lcd.o
        48          4          0          0          0        463   main.o
       448         42        153          1          0      33238   rs232.o
       210         18          0          0          0       1329   servo.o
        64         26        404          0       1536        844   startup_stm32f303xe.o
       392         48          0          9          0       2489   stepper.o
       252          8          0          0          0     262516   sysclock.o
       124         20          0          0          0        481   system_stm32f3xx.o
       680        128          0          0          0       3481   test.o
       692         60          0          0          0       2771   wheels.o

    ----------------------------------------------------------------------
      4128        420        592         20       1536     343772   Object Totals
         0          0         32          0          0          0   (incl. Generated)
         4          0          3          2          0          0   (incl. Padding)

    ----------------------------------------------------------------------

      Code (inc. data)   RO Data    RW Data    ZI Data      Debug   Library Member Name

         8          0          0          0          0         68   __main.o
       284          0          0          0          0        156   __printf_wp.o
         0          0          0          0          0          0   __rtentry.o
        12          0          0          0          0          0   __rtentry2.o
         6          0          0          0          0          0   __rtentry4.o
        52          8          0          0          0          0   __scatter.o
        26          0          0          0          0          0   __scatter_copy.o
        28          0          0          0          0          0   __scatter_zi.o
        48          6          0          0          0         96   _printf_char_common.o
         6          0          0          0          0          0   _printf_d.o
       120         16          0          0          0         92   _printf_dec.o
       178          0          0          0          0         88   _printf_intcommon.o
        78          0          0          0          0        108   _printf_pad.o
         0          0          0          0          0          0   _printf_percent.o
         4          0          0          0          0          0   _printf_percent_end.o
        10          0          0          0          0         68   _sputc.o
        18          0          0          0          0         80   exit.o
         6          0          0          0          0        152   heapauxi.o
         0          0          0          0          0          0   indicate_semi.o
         2          0          0          0          0          0   libinit.o
         6          0          0          0          0          0   libinit2.o
         2          0          0          0          0          0   libshutdown.o
         2          0          0          0          0          0   libshutdown2.o
         8          4          0          0         96         68   libspace.o
        40          6          0          0          0         84   noretval__2sprintf.o
       100          0          0          0          0         80   rt_memcpy_w.o
         2          0          0          0          0          0   rtexit.o
        10          0          0          0          0          0   rtexit2.o
        62          0          0          0          0         76   strlen.o
        12          4          0          0          0         68   sys_exit.o
        74          0          0          0          0         80   sys_stackheap_outer.o
         2          0          0          0          0         68   use_no_semi.o
        90          4          0          0          0        140   dfixu.o
        38          0          0          0          0        116   dflt_clz.o
       340         12          0          0          0        152   dmul.o
       156          4          0          0          0        140   dnaninf.o
        12          0          0          0          0        116   dretinf.o
        10          0          0          0          0        116   fpinit.o
         0          0          0          0          0          0   usenofp.o

    ----------------------------------------------------------------------
      1864         64          0          0        100       2212   Library Totals
        12          0          0          0          4          0   (incl. Padding)

    ----------------------------------------------------------------------

      Code (inc. data)   RO Data    RW Data    ZI Data      Debug   Library Name

      1206         44          0          0         96       1432   c_w.l
       646         20          0          0          0        780   fz_wm.l

    ----------------------------------------------------------------------
      1864         64          0          0        100       2212   Library Totals

    ----------------------------------------------------------------------

==============================================================================


      Code (inc. data)   RO Data    RW Data    ZI Data      Debug   

      5992        484        592         20       1636     341608   Grand Totals
      5992        484        592         20       1636     341608   ELF Image Totals
      5992        484        592         20          0          0   ROM Totals

==============================================================================

    Total RO  Size (Code + RO Data)                 6584 (   6.43kB)
    Total RW  Size (RW Data + ZI Data)              1656 (   1.62kB)
    Total ROM Size (Code + RO Data + RW Data)       6604 (   6.45kB)

==============================================================================

